Archive member included to satisfy reference by file (symbol)

/home/soleimanmanteghi/intelFPGA/22.1std/nios2eds/bin/gnu/H-x86_64-pc-linux-gnu/bin/../lib/gcc/nios2-elf/12.1.1/../../../../../H-x86_64-pc-linux-gnu/nios2-elf/lib/mno-hw-mul/libc.a(lib_a-printf.o)
                              obj/default/hello_world.o (printf)
/home/soleimanmanteghi/intelFPGA/22.1std/nios2eds/bin/gnu/H-x86_64-pc-linux-gnu/bin/../lib/gcc/nios2-elf/12.1.1/../../../../../H-x86_64-pc-linux-gnu/nios2-elf/lib/mno-hw-mul/libc.a(lib_a-puts.o)
                              obj/default/hello_world.o (puts)
/home/soleimanmanteghi/intelFPGA/22.1std/nios2eds/bin/gnu/H-x86_64-pc-linux-gnu/bin/../lib/gcc/nios2-elf/12.1.1/../../../../../H-x86_64-pc-linux-gnu/nios2-elf/lib/mno-hw-mul/libc.a(lib_a-strlen.o)
                              /home/soleimanmanteghi/intelFPGA/22.1std/nios2eds/bin/gnu/H-x86_64-pc-linux-gnu/bin/../lib/gcc/nios2-elf/12.1.1/../../../../../H-x86_64-pc-linux-gnu/nios2-elf/lib/mno-hw-mul/libc.a(lib_a-puts.o) (strlen)
/home/soleimanmanteghi/intelFPGA/22.1std/nios2eds/bin/gnu/H-x86_64-pc-linux-gnu/bin/../lib/gcc/nios2-elf/12.1.1/../../../../../H-x86_64-pc-linux-gnu/nios2-elf/lib/mno-hw-mul/libc.a(lib_a-vfprintf.o)
                              /home/soleimanmanteghi/intelFPGA/22.1std/nios2eds/bin/gnu/H-x86_64-pc-linux-gnu/bin/../lib/gcc/nios2-elf/12.1.1/../../../../../H-x86_64-pc-linux-gnu/nios2-elf/lib/mno-hw-mul/libc.a(lib_a-printf.o) (___vfprintf_internal_r)
/home/soleimanmanteghi/intelFPGA/22.1std/nios2eds/bin/gnu/H-x86_64-pc-linux-gnu/bin/../lib/gcc/nios2-elf/12.1.1/../../../../../H-x86_64-pc-linux-gnu/nios2-elf/lib/mno-hw-mul/libc.a(lib_a-wsetup.o)
                              /home/soleimanmanteghi/intelFPGA/22.1std/nios2eds/bin/gnu/H-x86_64-pc-linux-gnu/bin/../lib/gcc/nios2-elf/12.1.1/../../../../../H-x86_64-pc-linux-gnu/nios2-elf/lib/mno-hw-mul/libc.a(lib_a-vfprintf.o) (__swsetup_r)
/home/soleimanmanteghi/intelFPGA/22.1std/nios2eds/bin/gnu/H-x86_64-pc-linux-gnu/bin/../lib/gcc/nios2-elf/12.1.1/../../../../../H-x86_64-pc-linux-gnu/nios2-elf/lib/mno-hw-mul/libc.a(lib_a-dtoa.o)
                              /home/soleimanmanteghi/intelFPGA/22.1std/nios2eds/bin/gnu/H-x86_64-pc-linux-gnu/bin/../lib/gcc/nios2-elf/12.1.1/../../../../../H-x86_64-pc-linux-gnu/nios2-elf/lib/mno-hw-mul/libc.a(lib_a-vfprintf.o) (_dtoa_r)
/home/soleimanmanteghi/intelFPGA/22.1std/nios2eds/bin/gnu/H-x86_64-pc-linux-gnu/bin/../lib/gcc/nios2-elf/12.1.1/../../../../../H-x86_64-pc-linux-gnu/nios2-elf/lib/mno-hw-mul/libc.a(lib_a-fflush.o)
                              /home/soleimanmanteghi/intelFPGA/22.1std/nios2eds/bin/gnu/H-x86_64-pc-linux-gnu/bin/../lib/gcc/nios2-elf/12.1.1/../../../../../H-x86_64-pc-linux-gnu/nios2-elf/lib/mno-hw-mul/libc.a(lib_a-vfprintf.o) (_fflush_r)
/home/soleimanmanteghi/intelFPGA/22.1std/nios2eds/bin/gnu/H-x86_64-pc-linux-gnu/bin/../lib/gcc/nios2-elf/12.1.1/../../../../../H-x86_64-pc-linux-gnu/nios2-elf/lib/mno-hw-mul/libc.a(lib_a-findfp.o)
                              /home/soleimanmanteghi/intelFPGA/22.1std/nios2eds/bin/gnu/H-x86_64-pc-linux-gnu/bin/../lib/gcc/nios2-elf/12.1.1/../../../../../H-x86_64-pc-linux-gnu/nios2-elf/lib/mno-hw-mul/libc.a(lib_a-puts.o) (__sinit)
/home/soleimanmanteghi/intelFPGA/22.1std/nios2eds/bin/gnu/H-x86_64-pc-linux-gnu/bin/../lib/gcc/nios2-elf/12.1.1/../../../../../H-x86_64-pc-linux-gnu/nios2-elf/lib/mno-hw-mul/libc.a(lib_a-freer.o)
                              /home/soleimanmanteghi/intelFPGA/22.1std/nios2eds/bin/gnu/H-x86_64-pc-linux-gnu/bin/../lib/gcc/nios2-elf/12.1.1/../../../../../H-x86_64-pc-linux-gnu/nios2-elf/lib/mno-hw-mul/libc.a(lib_a-wsetup.o) (_free_r)
/home/soleimanmanteghi/intelFPGA/22.1std/nios2eds/bin/gnu/H-x86_64-pc-linux-gnu/bin/../lib/gcc/nios2-elf/12.1.1/../../../../../H-x86_64-pc-linux-gnu/nios2-elf/lib/mno-hw-mul/libc.a(lib_a-fvwrite.o)
                              /home/soleimanmanteghi/intelFPGA/22.1std/nios2eds/bin/gnu/H-x86_64-pc-linux-gnu/bin/../lib/gcc/nios2-elf/12.1.1/../../../../../H-x86_64-pc-linux-gnu/nios2-elf/lib/mno-hw-mul/libc.a(lib_a-puts.o) (__sfvwrite_r)
/home/soleimanmanteghi/intelFPGA/22.1std/nios2eds/bin/gnu/H-x86_64-pc-linux-gnu/bin/../lib/gcc/nios2-elf/12.1.1/../../../../../H-x86_64-pc-linux-gnu/nios2-elf/lib/mno-hw-mul/libc.a(lib_a-fwalk.o)
                              /home/soleimanmanteghi/intelFPGA/22.1std/nios2eds/bin/gnu/H-x86_64-pc-linux-gnu/bin/../lib/gcc/nios2-elf/12.1.1/../../../../../H-x86_64-pc-linux-gnu/nios2-elf/lib/mno-hw-mul/libc.a(lib_a-findfp.o) (_fwalk)
/home/soleimanmanteghi/intelFPGA/22.1std/nios2eds/bin/gnu/H-x86_64-pc-linux-gnu/bin/../lib/gcc/nios2-elf/12.1.1/../../../../../H-x86_64-pc-linux-gnu/nios2-elf/lib/mno-hw-mul/libc.a(lib_a-impure.o)
                              /home/soleimanmanteghi/intelFPGA/22.1std/nios2eds/bin/gnu/H-x86_64-pc-linux-gnu/bin/../lib/gcc/nios2-elf/12.1.1/../../../../../H-x86_64-pc-linux-gnu/nios2-elf/lib/mno-hw-mul/libc.a(lib_a-fflush.o) (_global_impure_ptr)
[...]
Memory Configuration

Name             Origin             Length             Attributes
reset            0x0000000000000000 0x0000000000000020
onchip_memory2_0 0x0000000000000020 0x00000000000257e0
*default*        0x0000000000000000 0xffffffffffffffff

Linker script and memory map

LOAD ../Nios2_Actor_bsp//obj/HAL/src/crt0.o
LOAD obj/default/hello_world.o
LOAD /home/soleimanmanteghi/intelFPGA/22.1std/nios2eds/bin/gnu/H-x86_64-pc-linux-gnu/bin/../lib/gcc/nios2-elf/12.1.1/../../../../../H-x86_64-pc-linux-gnu/nios2-elf/lib/mno-hw-mul/libstdc++.a
LOAD /home/soleimanmanteghi/intelFPGA/22.1std/nios2eds/bin/gnu/H-x86_64-pc-linux-gnu/bin/../lib/gcc/nios2-elf/12.1.1/../../../../../H-x86_64-pc-linux-gnu/nios2-elf/lib/mno-hw-mul/libm.a
LOAD /home/soleimanmanteghi/intelFPGA/22.1std/nios2eds/bin/gnu/H-x86_64-pc-linux-gnu/bin/../lib/gcc/nios2-elf/12.1.1/mno-hw-mul/libgcc.a
START GROUP
LOAD /home/soleimanmanteghi/intelFPGA/22.1std/nios2eds/bin/gnu/H-x86_64-pc-linux-gnu/bin/../lib/gcc/nios2-elf/12.1.1/../../../../../H-x86_64-pc-linux-gnu/nios2-elf/lib/mno-hw-mul/libc.a
LOAD /home/soleimanmanteghi/intelFPGA/22.1std/nios2eds/bin/gnu/H-x86_64-pc-linux-gnu/bin/../lib/gcc/nios2-elf/12.1.1/mno-hw-mul/libgcc.a
LOAD ../Nios2_Actor_bsp//libhal_bsp.a
LOAD /home/soleimanmanteghi/intelFPGA/22.1std/nios2eds/bin/gnu/H-x86_64-pc-linux-gnu/bin/../lib/gcc/nios2-elf/12.1.1/../../../../../H-x86_64-pc-linux-gnu/nios2-elf/lib/mno-hw-mul/libm.a
END GROUP
LOAD /home/soleimanmanteghi/intelFPGA/22.1std/nios2eds/bin/gnu/H-x86_64-pc-linux-gnu/bin/../lib/gcc/nios2-elf/12.1.1/mno-hw-mul/libgcc.a
                0x0000000000000000                __alt_mem_onchip_memory2_0 = 0x0

.entry          0x0000000000000000       0x20
 *(.entry)
 .entry         0x0000000000000000       0x20 ../Nios2_Actor_bsp//obj/HAL/src/crt0.o
                0x0000000000000000                __reset

.exceptions     0x0000000000000020      0x204
                0x0000000000000020                PROVIDE (__ram_exceptions_start = ABSOLUTE (.))
                0x0000000000000020                . = ALIGN (0x20)
 *(.irq)
 *(.exceptions.entry.label)
 .exceptions.entry.label
                0x0000000000000020        0x0 ../Nios2_Actor_bsp//libhal_bsp.a(alt_irq_entry.o)
                0x0000000000000020                alt_irq_entry
 .exceptions.entry.label
                0x0000000000000020        0x0 ../Nios2_Actor_bsp//libhal_bsp.a(alt_exception_entry.o)
                0x0000000000000020                alt_exception
 *(.exceptions.entry.user)
 *(.exceptions.entry.ecc_fatal)
 *(.exceptions.entry)
 .exceptions.entry
                0x0000000000000020       0x54 ../Nios2_Actor_bsp//libhal_bsp.a(alt_exception_entry.o)
 *(.exceptions.irqtest.user)
 *(.exceptions.irqtest)
 .exceptions.irqtest
                0x0000000000000074       0x10 ../Nios2_Actor_bsp//libhal_bsp.a(alt_irq_entry.o)
 *(.exceptions.irqhandler.user)
 *(.exceptions.irqhandler)
 .exceptions.irqhandler
                0x0000000000000084        0x4 ../Nios2_Actor_bsp//libhal_bsp.a(alt_irq_entry.o)
 *(.exceptions.irqreturn.user)
 *(.exceptions.irqreturn)
 .exceptions.irqreturn
                0x0000000000000088        0x4 ../Nios2_Actor_bsp//libhal_bsp.a(alt_irq_entry.o)
 *(.exceptions.notirq.label)
 .exceptions.notirq.label
                0x000000000000008c        0x0 ../Nios2_Actor_bsp//libhal_bsp.a(alt_irq_entry.o)
 *(.exceptions.notirq.user)
 *(.exceptions.notirq)
 .exceptions.notirq
                0x000000000000008c        0x8 ../Nios2_Actor_bsp//libhal_bsp.a(alt_exception_entry.o)
 *(.exceptions.soft.user)
 *(.exceptions.soft)
 *(.exceptions.unknown.user)
 *(.exceptions.unknown)
 .exceptions.unknown
                0x0000000000000094       0x14 ../Nios2_Actor_bsp//libhal_bsp.a(alt_exception_entry.o)
 *(.exceptions.exit.label)
 .exceptions.exit.label
                0x00000000000000a8        0x0 ../Nios2_Actor_bsp//libhal_bsp.a(alt_irq_entry.o)
 .exceptions.exit.label
                0x00000000000000a8        0x0 ../Nios2_Actor_bsp//libhal_bsp.a(alt_exception_entry.o)
 *(.exceptions.exit.user)
 *(.exceptions.exit)
 .exceptions.exit
                0x00000000000000a8       0x54 ../Nios2_Actor_bsp//libhal_bsp.a(alt_exception_entry.o)
 *(.exceptions)
 .exceptions    0x00000000000000fc       0xc8 ../Nios2_Actor_bsp//libhal_bsp.a(alt_irq_handler.o)
                0x00000000000000fc                alt_irq_handler
 .exceptions    0x00000000000001c4       0x60 ../Nios2_Actor_bsp//libhal_bsp.a(alt_instruction_exception_entry.o)
                0x00000000000001c4                alt_instruction_exception_entry
                0x0000000000000224                PROVIDE (__ram_exceptions_end = ABSOLUTE (.))
                0x0000000000000020                PROVIDE (__flash_exceptions_start = LOADADDR (.exceptions))

.text           0x0000000000000224    0x10354
                [!provide]                        PROVIDE (stext = ABSOLUTE (.))
 *(.interp)
 *(.hash)
 *(.dynsym)
 *(.dynstr)
 *(.gnu.version)
 *(.gnu.version_d)
 *(.gnu.version_r)
 *(.rel.init)
 *(.rela.init)
 *(.rel.text .rel.text.* .rel.gnu.linkonce.t.*)
 *(.rela.text .rela.text.* .rela.gnu.linkonce.t.*)
 *(.rel.fini)
 *(.rela.fini)
 *(.rel.rodata .rel.rodata.* .rel.gnu.linkonce.r.*)
 *(.rela.rodata .rela.rodata.* .rela.gnu.linkonce.r.*)
 *(.rel.data .rel.data.* .rel.gnu.linkonce.d.*)
 *(.rela.data .rela.data.* .rela.gnu.linkonce.d.*)
 *(.rel.tdata .rel.tdata.* .rel.gnu.linkonce.td.*)
 *(.rela.tdata .rela.tdata.* .rela.gnu.linkonce.td.*)
 *(.rel.tbss .rel.tbss.* .rel.gnu.linkonce.tb.*)
 *(.rela.tbss .rela.tbss.* .rela.gnu.linkonce.tb.*)
 *(.rel.ctors)
 *(.rela.ctors)
 *(.rel.dtors)
 *(.rela.dtors)
 *(.rel.got)
 *(.rela.got)
 *(.rel.sdata .rel.sdata.* .rel.gnu.linkonce.s.*)
 *(.rela.sdata .rela.sdata.* .rela.gnu.linkonce.s.*)
 *(.rel.sbss .rel.sbss.* .rel.gnu.linkonce.sb.*)
 *(.rela.sbss .rela.sbss.* .rela.gnu.linkonce.sb.*)
 *(.rel.sdata2 .rel.sdata2.* .rel.gnu.linkonce.s2.*)
 *(.rela.sdata2 .rela.sdata2.* .rela.gnu.linkonce.s2.*)
 *(.rel.sbss2 .rel.sbss2.* .rel.gnu.linkonce.sb2.*)
 *(.rela.sbss2 .rela.sbss2.* .rela.gnu.linkonce.sb2.*)
 *(.rel.bss .rel.bss.* .rel.gnu.linkonce.b.*)
 *(.rela.bss .rela.bss.* .rela.gnu.linkonce.b.*)
 *(.rel.plt)
 *(.rela.plt)
 *(.rel.dyn)
 *(.init)
 *(.plt)
 *(.text .stub .text.* .gnu.linkonce.t.*)
 .text          0x0000000000000224       0x3c ../Nios2_Actor_bsp//obj/HAL/src/crt0.o
                0x0000000000000224                _start
 .text          0x0000000000000260       0x6c obj/default/hello_world.o
                0x0000000000000260                main
 .text          0x00000000000002cc        0x0 /home/soleimanmanteghi/intelFPGA/22.1std/nios2eds/bin/gnu/H-x86_64-pc-linux-gnu/bin/../lib/gcc/nios2-elf/12.1.1/../../../../../H-x86_64-pc-linux-gnu/nios2-elf/lib/mno-hw-mul/libc.a(lib_a-printf.o)
 .text._printf_r
                0x00000000000002cc       0x30 /home/soleimanmanteghi/intelFPGA/22.1std/nios2eds/bin/gnu/H-x86_64-pc-linux-gnu/bin/../lib/gcc/nios2-elf/12.1.1/../../../../../H-x86_64-pc-linux-gnu/nios2-elf/lib/mno-hw-mul/libc.a(lib_a-printf.o)
                0x00000000000002cc                _printf_r
 .text.printf   0x00000000000002fc       0x38 /home/soleimanmanteghi/intelFPGA/22.1std/nios2eds/bin/gnu/H-x86_64-pc-linux-gnu/bin/../lib/gcc/nios2-elf/12.1.1/../../../../../H-x86_64-pc-linux-gnu/nios2-elf/lib/mno-hw-mul/libc.a(lib_a-printf.o)
                0x00000000000002fc                printf
 .text          0x0000000000000334        0x0 /home/soleimanmanteghi/intelFPGA/22.1std/nios2eds/bin/gnu/H-x86_64-pc-linux-gnu/bin/../lib/gcc/nios2-elf/12.1.1/../../../../../H-x86_64-pc-linux-gnu/nios2-elf/lib/mno-hw-mul/libc.a(lib_a-puts.o)
 .text._puts_r  0x0000000000000334       0xd0 /home/soleimanmanteghi/intelFPGA/22.1std/nios2eds/bin/gnu/H-x86_64-pc-linux-gnu/bin/../lib/gcc/nios2-elf/12.1.1/../../../../../H-x86_64-pc-linux-gnu/nios2-elf/lib/mno-hw-mul/libc.a(lib_a-puts.o)
                0x0000000000000334                _puts_r
 .text.puts     0x0000000000000404       0x10 /home/soleimanmanteghi/intelFPGA/22.1std/nios2eds/bin/gnu/H-x86_64-pc-linux-gnu/bin/../lib/gcc/nios2-elf/12.1.1/../../../../../H-x86_64-pc-linux-gnu/nios2-elf/lib/mno-hw-mul/libc.a(lib_a-puts.o)
                0x0000000000000404                puts
 .text          0x0000000000000414        0x0 /home/soleimanmanteghi/intelFPGA/22.1std/nios2eds/bin/gnu/H-x86_64-pc-linux-gnu/bin/../lib/gcc/nios2-elf/12.1.1/../../../../../H-x86_64-pc-linux-gnu/nios2-elf/lib/mno-hw-mul/libc.a(lib_a-strlen.o)
 .text.strlen   0x0000000000000414       0x98 /home/soleimanmanteghi/intelFPGA/22.1std/nios2eds/bin/gnu/H-x86_64-pc-linux-gnu/bin/../lib/gcc/nios2-elf/12.1.1/../../../../../H-x86_64-pc-linux-gnu/nios2-elf/lib/mno-hw-mul/libc.a(lib_a-strlen.o)
                0x0000000000000414                strlen
 .text          0x00000000000004ac        0x0 /home/soleimanmanteghi/intelFPGA/22.1std/nios2eds/bin/gnu/H-x86_64-pc-linux-gnu/bin/../lib/gcc/nios2-elf/12.1.1/../../../../../H-x86_64-pc-linux-gnu/nios2-elf/lib/mno-hw-mul/libc.a(lib_a-vfprintf.o)
 .text.___vfprintf_internal_r
                0x00000000000004ac     0x24b0 /home/soleimanmanteghi/intelFPGA/22.1std/nios2eds/bin/gnu/H-x86_64-pc-linux-gnu/bin/../lib/gcc/nios2-elf/12.1.1/../../../../../H-x86_64-pc-linux-gnu/nios2-elf/lib/mno-hw-mul/libc.a(lib_a-vfprintf.o)
                0x00000000000004ac                ___vfprintf_internal_r
 .text.__vfprintf_internal
                0x000000000000295c       0x1c /home/soleimanmanteghi/intelFPGA/22.1std/nios2eds/bin/gnu/H-x86_64-pc-linux-gnu/bin/../lib/gcc/nios2-elf/12.1.1/../../../../../H-x86_64-pc-linux-gnu/nios2-elf/lib/mno-hw-mul/libc.a(lib_a-vfprintf.o)
                0x000000000000295c                __vfprintf_internal
 .text.__sbprintf
                0x0000000000002978       0xc4 /home/soleimanmanteghi/intelFPGA/22.1std/nios2eds/bin/gnu/H-x86_64-pc-linux-gnu/bin/../lib/gcc/nios2-elf/12.1.1/../../../../../H-x86_64-pc-linux-gnu/nios2-elf/lib/mno-hw-mul/libc.a(lib_a-vfprintf.o)
 .text          0x0000000000002a3c        0x0 /home/soleimanmanteghi/intelFPGA/22.1std/nios2eds/bin/gnu/H-x86_64-pc-linux-gnu/bin/../lib/gcc/nios2-elf/12.1.1/../../../../../H-x86_64-pc-linux-gnu/nios2-elf/lib/mno-hw-mul/libc.a(lib_a-wsetup.o)
 .text.__swsetup_r
                0x0000000000002a3c      0x14c /home/soleimanmanteghi/intelFPGA/22.1std/nios2eds/bin/gnu/H-x86_64-pc-linux-gnu/bin/../lib/gcc/nios2-elf/12.1.1/../../../../../H-x86_64-pc-linux-gnu/nios2-elf/lib/mno-hw-mul/libc.a(lib_a-wsetup.o)
                0x0000000000002a3c                __swsetup_r
 .text          0x0000000000002b88        0x0 /home/soleimanmanteghi/intelFPGA/22.1std/nios2eds/bin/gnu/H-x86_64-pc-linux-gnu/bin/../lib/gcc/nios2-elf/12.1.1/../../../../../H-x86_64-pc-linux-gnu/nios2-elf/lib/mno-hw-mul/libc.a(lib_a-dtoa.o)
 .text.quorem   0x0000000000002b88      0x218 /home/soleimanmanteghi/intelFPGA/22.1std/nios2eds/bin/gnu/H-x86_64-pc-linux-gnu/bin/../lib/gcc/nios2-elf/12.1.1/../../../../../H-x86_64-pc-linux-gnu/nios2-elf/lib/mno-hw-mul/libc.a(lib_a-dtoa.o)
 .text._dtoa_r  0x0000000000002da0     0x17e8 /home/soleimanmanteghi/intelFPGA/22.1std/nios2eds/bin/gnu/H-x86_64-pc-linux-gnu/bin/../lib/gcc/nios2-elf/12.1.1/../../../../../H-x86_64-pc-linux-gnu/nios2-elf/lib/mno-hw-mul/libc.a(lib_a-dtoa.o)
                0x0000000000002da0                _dtoa_r
 .text          0x0000000000004588        0x0 /home/soleimanmanteghi/intelFPGA/22.1std/nios2eds/bin/gnu/H-x86_64-pc-linux-gnu/bin/../lib/gcc/nios2-elf/12.1.1/../../../../../H-x86_64-pc-linux-gnu/nios2-elf/lib/mno-hw-mul/libc.a(lib_a-fflush.o)
 .text.__sflush_r
                0x0000000000004588      0x208 /home/soleimanmanteghi/intelFPGA/22.1std/nios2eds/bin/gnu/H-x86_64-pc-linux-gnu/bin/../lib/gcc/nios2-elf/12.1.1/../../../../../H-x86_64-pc-linux-gnu/nios2-elf/lib/mno-hw-mul/libc.a(lib_a-fflush.o)
                0x0000000000004588                __sflush_r
 .text._fflush_r
                0x0000000000004790       0x60 /home/soleimanmanteghi/intelFPGA/22.1std/nios2eds/bin/gnu/H-x86_64-pc-linux-gnu/bin/../lib/gcc/nios2-elf/12.1.1/../../../../../H-x86_64-pc-linux-gnu/nios2-elf/lib/mno-hw-mul/libc.a(lib_a-fflush.o)
                0x0000000000004790                _fflush_r
 .text.fflush   0x00000000000047f0       0x84 /home/soleimanmanteghi/intelFPGA/22.1std/nios2eds/bin/gnu/H-x86_64-pc-linux-gnu/bin/../lib/gcc/nios2-elf/12.1.1/../../../../../H-x86_64-pc-linux-gnu/nios2-elf/lib/mno-hw-mul/libc.a(lib_a-fflush.o)
                0x00000000000047f0                fflush
 .text          0x0000000000004874        0x0 /home/soleimanmanteghi/intelFPGA/22.1std/nios2eds/bin/gnu/H-x86_64-pc-linux-gnu/bin/../lib/gcc/nios2-elf/12.1.1/../../../../../H-x86_64-pc-linux-gnu/nios2-elf/lib/mno-hw-mul/libc.a(lib_a-findfp.o)
 .text.__fp_lock
                0x0000000000004874        0x8 /home/soleimanmanteghi/intelFPGA/22.1std/nios2eds/bin/gnu/H-x86_64-pc-linux-gnu/bin/../lib/gcc/nios2-elf/12.1.1/../../../../../H-x86_64-pc-linux-gnu/nios2-elf/lib/mno-hw-mul/libc.a(lib_a-findfp.o)
 .text._cleanup_r
                0x000000000000487c        0xc /home/soleimanmanteghi/intelFPGA/22.1std/nios2eds/bin/gnu/H-x86_64-pc-linux-gnu/bin/../lib/gcc/nios2-elf/12.1.1/../../../../../H-x86_64-pc-linux-gnu/nios2-elf/lib/mno-hw-mul/libc.a(lib_a-findfp.o)
                0x000000000000487c                _cleanup_r
 .text.__fp_unlock
                0x0000000000004888        0x8 /home/soleimanmanteghi/intelFPGA/22.1std/nios2eds/bin/gnu/H-x86_64-pc-linux-gnu/bin/../lib/gcc/nios2-elf/12.1.1/../../../../../H-x86_64-pc-linux-gnu/nios2-elf/lib/mno-hw-mul/libc.a(lib_a-findfp.o)
 .text.__sinit.part.0
                0x0000000000004890      0x168 /home/soleimanmanteghi/intelFPGA/22.1std/nios2eds/bin/gnu/H-x86_64-pc-linux-gnu/bin/../lib/gcc/nios2-elf/12.1.1/../../../../../H-x86_64-pc-linux-gnu/nios2-elf/lib/mno-hw-mul/libc.a(lib_a-findfp.o)
 .text.__sfmoreglue
                0x00000000000049f8       0x78 /home/soleimanmanteghi/intelFPGA/22.1std/nios2eds/bin/gnu/H-x86_64-pc-linux-gnu/bin/../lib/gcc/nios2-elf/12.1.1/../../../../../H-x86_64-pc-linux-gnu/nios2-elf/lib/mno-hw-mul/libc.a(lib_a-findfp.o)
                0x00000000000049f8                __sfmoreglue
 .text.__sfp    0x0000000000004a70      0x134 /home/soleimanmanteghi/intelFPGA/22.1std/nios2eds/bin/gnu/H-x86_64-pc-linux-gnu/bin/../lib/gcc/nios2-elf/12.1.1/../../../../../H-x86_64-pc-linux-gnu/nios2-elf/lib/mno-hw-mul/libc.a(lib_a-findfp.o)
                0x0000000000004a70                __sfp
 .text._cleanup
                0x0000000000004ba4       0x14 /home/soleimanmanteghi/intelFPGA/22.1std/nios2eds/bin/gnu/H-x86_64-pc-linux-gnu/bin/../lib/gcc/nios2-elf/12.1.1/../../../../../H-x86_64-pc-linux-gnu/nios2-elf/lib/mno-hw-mul/libc.a(lib_a-findfp.o)
                0x0000000000004ba4                _cleanup
 .text.__sinit  0x0000000000004bb8       0x10 /home/soleimanmanteghi/intelFPGA/22.1std/nios2eds/bin/gnu/H-x86_64-pc-linux-gnu/bin/../lib/gcc/nios2-elf/12.1.1/../../../../../H-x86_64-pc-linux-gnu/nios2-elf/lib/mno-hw-mul/libc.a(lib_a-findfp.o)
                0x0000000000004bb8                __sinit
 .text.__sfp_lock_acquire
                0x0000000000004bc8        0x4 /home/soleimanmanteghi/intelFPGA/22.1std/nios2eds/bin/gnu/H-x86_64-pc-linux-gnu/bin/../lib/gcc/nios2-elf/12.1.1/../../../../../H-x86_64-pc-linux-gnu/nios2-elf/lib/mno-hw-mul/libc.a(lib_a-findfp.o)
                0x0000000000004bc8                __sfp_lock_acquire
 .text.__sfp_lock_release
                0x0000000000004bcc        0x4 /home/soleimanmanteghi/intelFPGA/22.1std/nios2eds/bin/gnu/H-x86_64-pc-linux-gnu/bin/../lib/gcc/nios2-elf/12.1.1/../../../../../H-x86_64-pc-linux-gnu/nios2-elf/lib/mno-hw-mul/libc.a(lib_a-findfp.o)
                0x0000000000004bcc                __sfp_lock_release
 .text.__sinit_lock_acquire
                0x0000000000004bd0        0x4 /home/soleimanmanteghi/intelFPGA/22.1std/nios2eds/bin/gnu/H-x86_64-pc-linux-gnu/bin/../lib/gcc/nios2-elf/12.1.1/../../../../../H-x86_64-pc-linux-gnu/nios2-elf/lib/mno-hw-mul/libc.a(lib_a-findfp.o)
                0x0000000000004bd0                __sinit_lock_acquire
 .text.__sinit_lock_release
                0x0000000000004bd4        0x4 /home/soleimanmanteghi/intelFPGA/22.1std/nios2eds/bin/gnu/H-x86_64-pc-linux-gnu/bin/../lib/gcc/nios2-elf/12.1.1/../../../../../H-x86_64-pc-linux-gnu/nios2-elf/lib/mno-hw-mul/libc.a(lib_a-findfp.o)
                0x0000000000004bd4                __sinit_lock_release
 .text.__fp_lock_all
                0x0000000000004bd8       0x14 /home/soleimanmanteghi/intelFPGA/22.1std/nios2eds/bin/gnu/H-x86_64-pc-linux-gnu/bin/../lib/gcc/nios2-elf/12.1.1/../../../../../H-x86_64-pc-linux-gnu/nios2-elf/lib/mno-hw-mul/libc.a(lib_a-findfp.o)
                0x0000000000004bd8                __fp_lock_all
 .text.__fp_unlock_all
                0x0000000000004bec       0x14 /home/soleimanmanteghi/intelFPGA/22.1std/nios2eds/bin/gnu/H-x86_64-pc-linux-gnu/bin/../lib/gcc/nios2-elf/12.1.1/../../../../../H-x86_64-pc-linux-gnu/nios2-elf/lib/mno-hw-mul/libc.a(lib_a-findfp.o)
                0x0000000000004bec                __fp_unlock_all
 .text          0x0000000000004c00        0x0 /home/soleimanmanteghi/intelFPGA/22.1std/nios2eds/bin/gnu/H-x86_64-pc-linux-gnu/bin/../lib/gcc/nios2-elf/12.1.1/../../../../../H-x86_64-pc-linux-gnu/nios2-elf/lib/mno-hw-mul/libc.a(lib_a-freer.o)
 .text._malloc_trim_r
                0x0000000000004c00      0x124 /home/soleimanmanteghi/intelFPGA/22.1std/nios2eds/bin/gnu/H-x86_64-pc-linux-gnu/bin/../lib/gcc/nios2-elf/12.1.1/../../../../../H-x86_64-pc-linux-gnu/nios2-elf/lib/mno-hw-mul/libc.a(lib_a-freer.o)
                0x0000000000004c00                _malloc_trim_r
 .text._free_r  0x0000000000004d24      0x308 /home/soleimanmanteghi/intelFPGA/22.1std/nios2eds/bin/gnu/H-x86_64-pc-linux-gnu/bin/../lib/gcc/nios2-elf/12.1.1/../../../../../H-x86_64-pc-linux-gnu/nios2-elf/lib/mno-hw-mul/libc.a(lib_a-freer.o)
                0x0000000000004d24                _free_r
 .text          0x000000000000502c        0x0 /home/soleimanmanteghi/intelFPGA/22.1std/nios2eds/bin/gnu/H-x86_64-pc-linux-gnu/bin/../lib/gcc/nios2-elf/12.1.1/../../../../../H-x86_64-pc-linux-gnu/nios2-elf/lib/mno-hw-mul/libc.a(lib_a-fvwrite.o)
 .text.__sfvwrite_r
                0x000000000000502c      0x4a8 /home/soleimanmanteghi/intelFPGA/22.1std/nios2eds/bin/gnu/H-x86_64-pc-linux-gnu/bin/../lib/gcc/nios2-elf/12.1.1/../../../../../H-x86_64-pc-linux-gnu/nios2-elf/lib/mno-hw-mul/libc.a(lib_a-fvwrite.o)
                0x000000000000502c                __sfvwrite_r
 .text          0x00000000000054d4        0x0 /home/soleimanmanteghi/intelFPGA/22.1std/nios2eds/bin/gnu/H-x86_64-pc-linux-gnu/bin/../lib/gcc/nios2-elf/12.1.1/../../../../../H-x86_64-pc-linux-gnu/nios2-elf/lib/mno-hw-mul/libc.a(lib_a-fwalk.o)
 .text._fwalk   0x00000000000054d4       0x98 /home/soleimanmanteghi/intelFPGA/22.1std/nios2eds/bin/gnu/H-x86_64-pc-linux-gnu/bin/../lib/gcc/nios2-elf/12.1.1/../../../../../H-x86_64-pc-linux-gnu/nios2-elf/lib/mno-hw-mul/libc.a(lib_a-fwalk.o)
                0x00000000000054d4                _fwalk
 .text._fwalk_reent
                0x000000000000556c       0xa8 /home/soleimanmanteghi/intelFPGA/22.1std/nios2eds/bin/gnu/H-x86_64-pc-linux-gnu/bin/../lib/gcc/nios2-elf/12.1.1/../../../../../H-x86_64-pc-linux-gnu/nios2-elf/lib/mno-hw-mul/libc.a(lib_a-fwalk.o)
                0x000000000000556c                _fwalk_reent
 .text          0x0000000000005614        0x0 /home/soleimanmanteghi/intelFPGA/22.1std/nios2eds/bin/gnu/H-x86_64-pc-linux-gnu/bin/../lib/gcc/nios2-elf/12.1.1/../../../../../H-x86_64-pc-linux-gnu/nios2-elf/lib/mno-hw-mul/libc.a(lib_a-impure.o)
 .text          0x0000000000005614        0x0 /home/soleimanmanteghi/intelFPGA/22.1std/nios2eds/bin/gnu/H-x86_64-pc-linux-gnu/bin/../lib/gcc/nios2-elf/12.1.1/../../../../../H-x86_64-pc-linux-gnu/nios2-elf/lib/mno-hw-mul/libc.a(lib_a-localeconv.o)
 .text.__localeconv_l
                0x0000000000005614        0x8 /home/soleimanmanteghi/intelFPGA/22.1std/nios2eds/bin/gnu/H-x86_64-pc-linux-gnu/bin/../lib/gcc/nios2-elf/12.1.1/../../../../../H-x86_64-pc-linux-gnu/nios2-elf/lib/mno-hw-mul/libc.a(lib_a-localeconv.o)
                0x0000000000005614                __localeconv_l
 .text._localeconv_r
                0x000000000000561c        0xc /home/soleimanmanteghi/intelFPGA/22.1std/nios2eds/bin/gnu/H-x86_64-pc-linux-gnu/bin/../lib/gcc/nios2-elf/12.1.1/../../../../../H-x86_64-pc-linux-gnu/nios2-elf/lib/mno-hw-mul/libc.a(lib_a-localeconv.o)
                0x000000000000561c                _localeconv_r
 .text.localeconv
                0x0000000000005628        0xc /home/soleimanmanteghi/intelFPGA/22.1std/nios2eds/bin/gnu/H-x86_64-pc-linux-gnu/bin/../lib/gcc/nios2-elf/12.1.1/../../../../../H-x86_64-pc-linux-gnu/nios2-elf/lib/mno-hw-mul/libc.a(lib_a-localeconv.o)
                0x0000000000005628                localeconv
 .text          0x0000000000005634        0x0 /home/soleimanmanteghi/intelFPGA/22.1std/nios2eds/bin/gnu/H-x86_64-pc-linux-gnu/bin/../lib/gcc/nios2-elf/12.1.1/../../../../../H-x86_64-pc-linux-gnu/nios2-elf/lib/mno-hw-mul/libc.a(lib_a-makebuf.o)
 .text.__smakebuf_r
                0x0000000000005634      0x1a0 /home/soleimanmanteghi/intelFPGA/22.1std/nios2eds/bin/gnu/H-x86_64-pc-linux-gnu/bin/../lib/gcc/nios2-elf/12.1.1/../../../../../H-x86_64-pc-linux-gnu/nios2-elf/lib/mno-hw-mul/libc.a(lib_a-makebuf.o)
                0x0000000000005634                __smakebuf_r
 .text.__swhatbuf_r
                0x00000000000057d4       0x8c /home/soleimanmanteghi/intelFPGA/22.1std/nios2eds/bin/gnu/H-x86_64-pc-linux-gnu/bin/../lib/gcc/nios2-elf/12.1.1/../../../../../H-x86_64-pc-linux-gnu/nios2-elf/lib/mno-hw-mul/libc.a(lib_a-makebuf.o)
                0x00000000000057d4                __swhatbuf_r
 .text          0x0000000000005860        0x0 /home/soleimanmanteghi/intelFPGA/22.1std/nios2eds/bin/gnu/H-x86_64-pc-linux-gnu/bin/../lib/gcc/nios2-elf/12.1.1/../../../../../H-x86_64-pc-linux-gnu/nios2-elf/lib/mno-hw-mul/libc.a(lib_a-mallocr.o)
 .text._malloc_r
                0x0000000000005860      0x7b4 /home/soleimanmanteghi/intelFPGA/22.1std/nios2eds/bin/gnu/H-x86_64-pc-linux-gnu/bin/../lib/gcc/nios2-elf/12.1.1/../../../../../H-x86_64-pc-linux-gnu/nios2-elf/lib/mno-hw-mul/libc.a(lib_a-mallocr.o)
                0x0000000000005860                _malloc_r
 .text          0x0000000000006014        0x0 /home/soleimanmanteghi/intelFPGA/22.1std/nios2eds/bin/gnu/H-x86_64-pc-linux-gnu/bin/../lib/gcc/nios2-elf/12.1.1/../../../../../H-x86_64-pc-linux-gnu/nios2-elf/lib/mno-hw-mul/libc.a(lib_a-memchr.o)
 .text.memchr   0x0000000000006014       0xfc /home/soleimanmanteghi/intelFPGA/22.1std/nios2eds/bin/gnu/H-x86_64-pc-linux-gnu/bin/../lib/gcc/nios2-elf/12.1.1/../../../../../H-x86_64-pc-linux-gnu/nios2-elf/lib/mno-hw-mul/libc.a(lib_a-memchr.o)
                0x0000000000006014                memchr
 .text          0x0000000000006110        0x0 /home/soleimanmanteghi/intelFPGA/22.1std/nios2eds/bin/gnu/H-x86_64-pc-linux-gnu/bin/../lib/gcc/nios2-elf/12.1.1/../../../../../H-x86_64-pc-linux-gnu/nios2-elf/lib/mno-hw-mul/libc.a(lib_a-memcpy.o)
 .text.memcpy   0x0000000000006110      0x100 /home/soleimanmanteghi/intelFPGA/22.1std/nios2eds/bin/gnu/H-x86_64-pc-linux-gnu/bin/../lib/gcc/nios2-elf/12.1.1/../../../../../H-x86_64-pc-linux-gnu/nios2-elf/lib/mno-hw-mul/libc.a(lib_a-memcpy.o)
                0x0000000000006110                memcpy
 .text          0x0000000000006210        0x0 /home/soleimanmanteghi/intelFPGA/22.1std/nios2eds/bin/gnu/H-x86_64-pc-linux-gnu/bin/../lib/gcc/nios2-elf/12.1.1/../../../../../H-x86_64-pc-linux-gnu/nios2-elf/lib/mno-hw-mul/libc.a(lib_a-memmove.o)
 .text.memmove  0x0000000000006210      0x128 /home/soleimanmanteghi/intelFPGA/22.1std/nios2eds/bin/gnu/H-x86_64-pc-linux-gnu/bin/../lib/gcc/nios2-elf/12.1.1/../../../../../H-x86_64-pc-linux-gnu/nios2-elf/lib/mno-hw-mul/libc.a(lib_a-memmove.o)
                0x0000000000006210                memmove
 .text          0x0000000000006338        0x0 /home/soleimanmanteghi/intelFPGA/22.1std/nios2eds/bin/gnu/H-x86_64-pc-linux-gnu/bin/../lib/gcc/nios2-elf/12.1.1/../../../../../H-x86_64-pc-linux-gnu/nios2-elf/lib/mno-hw-mul/libc.a(lib_a-memset.o)
 .text.memset   0x0000000000006338      0x140 /home/soleimanmanteghi/intelFPGA/22.1std/nios2eds/bin/gnu/H-x86_64-pc-linux-gnu/bin/../lib/gcc/nios2-elf/12.1.1/../../../../../H-x86_64-pc-linux-gnu/nios2-elf/lib/mno-hw-mul/libc.a(lib_a-memset.o)
                0x0000000000006338                memset
 .text          0x0000000000006478        0x0 /home/soleimanmanteghi/intelFPGA/22.1std/nios2eds/bin/gnu/H-x86_64-pc-linux-gnu/bin/../lib/gcc/nios2-elf/12.1.1/../../../../../H-x86_64-pc-linux-gnu/nios2-elf/lib/mno-hw-mul/libc.a(lib_a-mprec.o)
 .text._Balloc  0x0000000000006478       0xa4 /home/soleimanmanteghi/intelFPGA/22.1std/nios2eds/bin/gnu/H-x86_64-pc-linux-gnu/bin/../lib/gcc/nios2-elf/12.1.1/../../../../../H-x86_64-pc-linux-gnu/nios2-elf/lib/mno-hw-mul/libc.a(lib_a-mprec.o)
                0x0000000000006478                _Balloc
 .text._Bfree   0x000000000000651c       0x24 /home/soleimanmanteghi/intelFPGA/22.1std/nios2eds/bin/gnu/H-x86_64-pc-linux-gnu/bin/../lib/gcc/nios2-elf/12.1.1/../../../../../H-x86_64-pc-linux-gnu/nios2-elf/lib/mno-hw-mul/libc.a(lib_a-mprec.o)
                0x000000000000651c                _Bfree
 .text.__multadd
                0x0000000000006540      0x154 /home/soleimanmanteghi/intelFPGA/22.1std/nios2eds/bin/gnu/H-x86_64-pc-linux-gnu/bin/../lib/gcc/nios2-elf/12.1.1/../../../../../H-x86_64-pc-linux-gnu/nios2-elf/lib/mno-hw-mul/libc.a(lib_a-mprec.o)
                0x0000000000006540                __multadd
 .text.__s2b    0x0000000000006694      0x138 /home/soleimanmanteghi/intelFPGA/22.1std/nios2eds/bin/gnu/H-x86_64-pc-linux-gnu/bin/../lib/gcc/nios2-elf/12.1.1/../../../../../H-x86_64-pc-linux-gnu/nios2-elf/lib/mno-hw-mul/libc.a(lib_a-mprec.o)
                0x0000000000006694                __s2b
 .text.__hi0bits
                0x00000000000067cc       0x74 /home/soleimanmanteghi/intelFPGA/22.1std/nios2eds/bin/gnu/H-x86_64-pc-linux-gnu/bin/../lib/gcc/nios2-elf/12.1.1/../../../../../H-x86_64-pc-linux-gnu/nios2-elf/lib/mno-hw-mul/libc.a(lib_a-mprec.o)
                0x00000000000067cc                __hi0bits
 .text.__lo0bits
                0x0000000000006840       0xb0 /home/soleimanmanteghi/intelFPGA/22.1std/nios2eds/bin/gnu/H-x86_64-pc-linux-gnu/bin/../lib/gcc/nios2-elf/12.1.1/../../../../../H-x86_64-pc-linux-gnu/nios2-elf/lib/mno-hw-mul/libc.a(lib_a-mprec.o)
                0x0000000000006840                __lo0bits
 .text.__i2b    0x00000000000068f0       0xb0 /home/soleimanmanteghi/intelFPGA/22.1std/nios2eds/bin/gnu/H-x86_64-pc-linux-gnu/bin/../lib/gcc/nios2-elf/12.1.1/../../../../../H-x86_64-pc-linux-gnu/nios2-elf/lib/mno-hw-mul/libc.a(lib_a-mprec.o)
                0x00000000000068f0                __i2b
 .text.__multiply
                0x00000000000069a0      0x2c4 /home/soleimanmanteghi/intelFPGA/22.1std/nios2eds/bin/gnu/H-x86_64-pc-linux-gnu/bin/../lib/gcc/nios2-elf/12.1.1/../../../../../H-x86_64-pc-linux-gnu/nios2-elf/lib/mno-hw-mul/libc.a(lib_a-mprec.o)
                0x00000000000069a0                __multiply
 .text.__pow5mult
                0x0000000000006c64      0x140 /home/soleimanmanteghi/intelFPGA/22.1std/nios2eds/bin/gnu/H-x86_64-pc-linux-gnu/bin/../lib/gcc/nios2-elf/12.1.1/../../../../../H-x86_64-pc-linux-gnu/nios2-elf/lib/mno-hw-mul/libc.a(lib_a-mprec.o)
                0x0000000000006c64                __pow5mult
 .text.__lshift
                0x0000000000006da4      0x188 /home/soleimanmanteghi/intelFPGA/22.1std/nios2eds/bin/gnu/H-x86_64-pc-linux-gnu/bin/../lib/gcc/nios2-elf/12.1.1/../../../../../H-x86_64-pc-linux-gnu/nios2-elf/lib/mno-hw-mul/libc.a(lib_a-mprec.o)
                0x0000000000006da4                __lshift
 .text.__mcmp   0x0000000000006f2c       0x58 /home/soleimanmanteghi/intelFPGA/22.1std/nios2eds/bin/gnu/H-x86_64-pc-linux-gnu/bin/../lib/gcc/nios2-elf/12.1.1/../../../../../H-x86_64-pc-linux-gnu/nios2-elf/lib/mno-hw-mul/libc.a(lib_a-mprec.o)
                0x0000000000006f2c                __mcmp
 .text.__mdiff  0x0000000000006f84      0x230 /home/soleimanmanteghi/intelFPGA/22.1std/nios2eds/bin/gnu/H-x86_64-pc-linux-gnu/bin/../lib/gcc/nios2-elf/12.1.1/../../../../../H-x86_64-pc-linux-gnu/nios2-elf/lib/mno-hw-mul/libc.a(lib_a-mprec.o)
                0x0000000000006f84                __mdiff
 .text.__ulp    0x00000000000071b4       0x60 /home/soleimanmanteghi/intelFPGA/22.1std/nios2eds/bin/gnu/H-x86_64-pc-linux-gnu/bin/../lib/gcc/nios2-elf/12.1.1/../../../../../H-x86_64-pc-linux-gnu/nios2-elf/lib/mno-hw-mul/libc.a(lib_a-mprec.o)
                0x00000000000071b4                __ulp
 .text.__b2d    0x0000000000007214      0x100 /home/soleimanmanteghi/intelFPGA/22.1std/nios2eds/bin/gnu/H-x86_64-pc-linux-gnu/bin/../lib/gcc/nios2-elf/12.1.1/../../../../../H-x86_64-pc-linux-gnu/nios2-elf/lib/mno-hw-mul/libc.a(lib_a-mprec.o)
                0x0000000000007214                __b2d
 .text.__d2b    0x0000000000007314      0x158 /home/soleimanmanteghi/intelFPGA/22.1std/nios2eds/bin/gnu/H-x86_64-pc-linux-gnu/bin/../lib/gcc/nios2-elf/12.1.1/../../../../../H-x86_64-pc-linux-gnu/nios2-elf/lib/mno-hw-mul/libc.a(lib_a-mprec.o)
                0x0000000000007314                __d2b
 .text.__ratio  0x000000000000746c       0xa4 /home/soleimanmanteghi/intelFPGA/22.1std/nios2eds/bin/gnu/H-x86_64-pc-linux-gnu/bin/../lib/gcc/nios2-elf/12.1.1/../../../../../H-x86_64-pc-linux-gnu/nios2-elf/lib/mno-hw-mul/libc.a(lib_a-mprec.o)
                0x000000000000746c                __ratio
 .text._mprec_log10
                0x0000000000007510       0x70 /home/soleimanmanteghi/intelFPGA/22.1std/nios2eds/bin/gnu/H-x86_64-pc-linux-gnu/bin/../lib/gcc/nios2-elf/12.1.1/../../../../../H-x86_64-pc-linux-gnu/nios2-elf/lib/mno-hw-mul/libc.a(lib_a-mprec.o)
                0x0000000000007510                _mprec_log10
 .text.__copybits
                0x0000000000007580       0x7c /home/soleimanmanteghi/intelFPGA/22.1std/nios2eds/bin/gnu/H-x86_64-pc-linux-gnu/bin/../lib/gcc/nios2-elf/12.1.1/../../../../../H-x86_64-pc-linux-gnu/nios2-elf/lib/mno-hw-mul/libc.a(lib_a-mprec.o)
                0x0000000000007580                __copybits
 .text.__any_on
                0x00000000000075fc       0x60 /home/soleimanmanteghi/intelFPGA/22.1std/nios2eds/bin/gnu/H-x86_64-pc-linux-gnu/bin/../lib/gcc/nios2-elf/12.1.1/../../../../../H-x86_64-pc-linux-gnu/nios2-elf/lib/mno-hw-mul/libc.a(lib_a-mprec.o)
                0x00000000000075fc                __any_on
 .text          0x000000000000765c        0x0 /home/soleimanmanteghi/intelFPGA/22.1std/nios2eds/bin/gnu/H-x86_64-pc-linux-gnu/bin/../lib/gcc/nios2-elf/12.1.1/../../../../../H-x86_64-pc-linux-gnu/nios2-elf/lib/mno-hw-mul/libc.a(lib_a-reallocr.o)
 .text._realloc_r
                0x000000000000765c      0x5f4 /home/soleimanmanteghi/intelFPGA/22.1std/nios2eds/bin/gnu/H-x86_64-pc-linux-gnu/bin/../lib/gcc/nios2-elf/12.1.1/../../../../../H-x86_64-pc-linux-gnu/nios2-elf/lib/mno-hw-mul/libc.a(lib_a-reallocr.o)
                0x000000000000765c                _realloc_r
 .text          0x0000000000007c50        0x0 /home/soleimanmanteghi/intelFPGA/22.1std/nios2eds/bin/gnu/H-x86_64-pc-linux-gnu/bin/../lib/gcc/nios2-elf/12.1.1/../../../../../H-x86_64-pc-linux-gnu/nios2-elf/lib/mno-hw-mul/libc.a(lib_a-sbrkr.o)
 .text._sbrk_r  0x0000000000007c50       0x58 /home/soleimanmanteghi/intelFPGA/22.1std/nios2eds/bin/gnu/H-x86_64-pc-linux-gnu/bin/../lib/gcc/nios2-elf/12.1.1/../../../../../H-x86_64-pc-linux-gnu/nios2-elf/lib/mno-hw-mul/libc.a(lib_a-sbrkr.o)
                0x0000000000007c50                _sbrk_r
 .text          0x0000000000007ca8        0x0 /home/soleimanmanteghi/intelFPGA/22.1std/nios2eds/bin/gnu/H-x86_64-pc-linux-gnu/bin/../lib/gcc/nios2-elf/12.1.1/../../../../../H-x86_64-pc-linux-gnu/nios2-elf/lib/mno-hw-mul/libc.a(lib_a-stdio.o)
 .text.__sread  0x0000000000007ca8       0x54 /home/soleimanmanteghi/intelFPGA/22.1std/nios2eds/bin/gnu/H-x86_64-pc-linux-gnu/bin/../lib/gcc/nios2-elf/12.1.1/../../../../../H-x86_64-pc-linux-gnu/nios2-elf/lib/mno-hw-mul/libc.a(lib_a-stdio.o)
                0x0000000000007ca8                __sread
 .text.__seofread
                0x0000000000007cfc        0x8 /home/soleimanmanteghi/intelFPGA/22.1std/nios2eds/bin/gnu/H-x86_64-pc-linux-gnu/bin/../lib/gcc/nios2-elf/12.1.1/../../../../../H-x86_64-pc-linux-gnu/nios2-elf/lib/mno-hw-mul/libc.a(lib_a-stdio.o)
                0x0000000000007cfc                __seofread
 .text.__swrite
                0x0000000000007d04       0x80 /home/soleimanmanteghi/intelFPGA/22.1std/nios2eds/bin/gnu/H-x86_64-pc-linux-gnu/bin/../lib/gcc/nios2-elf/12.1.1/../../../../../H-x86_64-pc-linux-gnu/nios2-elf/lib/mno-hw-mul/libc.a(lib_a-stdio.o)
                0x0000000000007d04                __swrite
 .text.__sseek  0x0000000000007d84       0x5c /home/soleimanmanteghi/intelFPGA/22.1std/nios2eds/bin/gnu/H-x86_64-pc-linux-gnu/bin/../lib/gcc/nios2-elf/12.1.1/../../../../../H-x86_64-pc-linux-gnu/nios2-elf/lib/mno-hw-mul/libc.a(lib_a-stdio.o)
                0x0000000000007d84                __sseek
 .text.__sclose
                0x0000000000007de0        0x8 /home/soleimanmanteghi/intelFPGA/22.1std/nios2eds/bin/gnu/H-x86_64-pc-linux-gnu/bin/../lib/gcc/nios2-elf/12.1.1/../../../../../H-x86_64-pc-linux-gnu/nios2-elf/lib/mno-hw-mul/libc.a(lib_a-stdio.o)
                0x0000000000007de0                __sclose
 .text          0x0000000000007de8        0x0 /home/soleimanmanteghi/intelFPGA/22.1std/nios2eds/bin/gnu/H-x86_64-pc-linux-gnu/bin/../lib/gcc/nios2-elf/12.1.1/../../../../../H-x86_64-pc-linux-gnu/nios2-elf/lib/mno-hw-mul/libc.a(lib_a-vfiprintf.o)
 .text.__sprint_r.part.0
                0x0000000000007de8       0xf4 /home/soleimanmanteghi/intelFPGA/22.1std/nios2eds/bin/gnu/H-x86_64-pc-linux-gnu/bin/../lib/gcc/nios2-elf/12.1.1/../../../../../H-x86_64-pc-linux-gnu/nios2-elf/lib/mno-hw-mul/libc.a(lib_a-vfiprintf.o)
 .text.__sprint_r
                0x0000000000007edc       0x18 /home/soleimanmanteghi/intelFPGA/22.1std/nios2eds/bin/gnu/H-x86_64-pc-linux-gnu/bin/../lib/gcc/nios2-elf/12.1.1/../../../../../H-x86_64-pc-linux-gnu/nios2-elf/lib/mno-hw-mul/libc.a(lib_a-vfiprintf.o)
                0x0000000000007edc                __sprint_r
 .text.___vfiprintf_internal_r
                0x0000000000007ef4     0x1280 /home/soleimanmanteghi/intelFPGA/22.1std/nios2eds/bin/gnu/H-x86_64-pc-linux-gnu/bin/../lib/gcc/nios2-elf/12.1.1/../../../../../H-x86_64-pc-linux-gnu/nios2-elf/lib/mno-hw-mul/libc.a(lib_a-vfiprintf.o)
                0x0000000000007ef4                ___vfiprintf_internal_r
 .text.__vfiprintf_internal
                0x0000000000009174       0x1c /home/soleimanmanteghi/intelFPGA/22.1std/nios2eds/bin/gnu/H-x86_64-pc-linux-gnu/bin/../lib/gcc/nios2-elf/12.1.1/../../../../../H-x86_64-pc-linux-gnu/nios2-elf/lib/mno-hw-mul/libc.a(lib_a-vfiprintf.o)
                0x0000000000009174                __vfiprintf_internal
 .text.__sbprintf
                0x0000000000009190       0xc4 /home/soleimanmanteghi/intelFPGA/22.1std/nios2eds/bin/gnu/H-x86_64-pc-linux-gnu/bin/../lib/gcc/nios2-elf/12.1.1/../../../../../H-x86_64-pc-linux-gnu/nios2-elf/lib/mno-hw-mul/libc.a(lib_a-vfiprintf.o)
 .text          0x0000000000009254        0x0 /home/soleimanmanteghi/intelFPGA/22.1std/nios2eds/bin/gnu/H-x86_64-pc-linux-gnu/bin/../lib/gcc/nios2-elf/12.1.1/../../../../../H-x86_64-pc-linux-gnu/nios2-elf/lib/mno-hw-mul/libc.a(lib_a-writer.o)
 .text._write_r
                0x0000000000009254       0x64 /home/soleimanmanteghi/intelFPGA/22.1std/nios2eds/bin/gnu/H-x86_64-pc-linux-gnu/bin/../lib/gcc/nios2-elf/12.1.1/../../../../../H-x86_64-pc-linux-gnu/nios2-elf/lib/mno-hw-mul/libc.a(lib_a-writer.o)
                0x0000000000009254                _write_r
 .text          0x00000000000092b8        0x0 /home/soleimanmanteghi/intelFPGA/22.1std/nios2eds/bin/gnu/H-x86_64-pc-linux-gnu/bin/../lib/gcc/nios2-elf/12.1.1/../../../../../H-x86_64-pc-linux-gnu/nios2-elf/lib/mno-hw-mul/libc.a(closer.o)
 .text._close_r
                0x00000000000092b8       0x58 /home/soleimanmanteghi/intelFPGA/22.1std/nios2eds/bin/gnu/H-x86_64-pc-linux-gnu/bin/../lib/gcc/nios2-elf/12.1.1/../../../../../H-x86_64-pc-linux-gnu/nios2-elf/lib/mno-hw-mul/libc.a(closer.o)
                0x00000000000092b8                _close_r
 .text          0x0000000000009310        0x0 /home/soleimanmanteghi/intelFPGA/22.1std/nios2eds/bin/gnu/H-x86_64-pc-linux-gnu/bin/../lib/gcc/nios2-elf/12.1.1/../../../../../H-x86_64-pc-linux-gnu/nios2-elf/lib/mno-hw-mul/libc.a(lib_a-assert.o)
 .text.__assert_func
                0x0000000000009310       0x64 /home/soleimanmanteghi/intelFPGA/22.1std/nios2eds/bin/gnu/H-x86_64-pc-linux-gnu/bin/../lib/gcc/nios2-elf/12.1.1/../../../../../H-x86_64-pc-linux-gnu/nios2-elf/lib/mno-hw-mul/libc.a(lib_a-assert.o)
                0x0000000000009310                __assert_func
 .text.__assert
                0x0000000000009374       0x14 /home/soleimanmanteghi/intelFPGA/22.1std/nios2eds/bin/gnu/H-x86_64-pc-linux-gnu/bin/../lib/gcc/nios2-elf/12.1.1/../../../../../H-x86_64-pc-linux-gnu/nios2-elf/lib/mno-hw-mul/libc.a(lib_a-assert.o)
                0x0000000000009374                __assert
 .text          0x0000000000009388        0x0 /home/soleimanmanteghi/intelFPGA/22.1std/nios2eds/bin/gnu/H-x86_64-pc-linux-gnu/bin/../lib/gcc/nios2-elf/12.1.1/../../../../../H-x86_64-pc-linux-gnu/nios2-elf/lib/mno-hw-mul/libc.a(lib_a-callocr.o)
 .text._calloc_r
                0x0000000000009388      0x168 /home/soleimanmanteghi/intelFPGA/22.1std/nios2eds/bin/gnu/H-x86_64-pc-linux-gnu/bin/../lib/gcc/nios2-elf/12.1.1/../../../../../H-x86_64-pc-linux-gnu/nios2-elf/lib/mno-hw-mul/libc.a(lib_a-callocr.o)
                0x0000000000009388                _calloc_r
 .text          0x00000000000094f0        0x0 /home/soleimanmanteghi/intelFPGA/22.1std/nios2eds/bin/gnu/H-x86_64-pc-linux-gnu/bin/../lib/gcc/nios2-elf/12.1.1/../../../../../H-x86_64-pc-linux-gnu/nios2-elf/lib/mno-hw-mul/libc.a(lib_a-errno.o)
 .text.__errno  0x00000000000094f0        0xc /home/soleimanmanteghi/intelFPGA/22.1std/nios2eds/bin/gnu/H-x86_64-pc-linux-gnu/bin/../lib/gcc/nios2-elf/12.1.1/../../../../../H-x86_64-pc-linux-gnu/nios2-elf/lib/mno-hw-mul/libc.a(lib_a-errno.o)
                0x00000000000094f0                __errno
 .text          0x00000000000094fc        0x0 /home/soleimanmanteghi/intelFPGA/22.1std/nios2eds/bin/gnu/H-x86_64-pc-linux-gnu/bin/../lib/gcc/nios2-elf/12.1.1/../../../../../H-x86_64-pc-linux-gnu/nios2-elf/lib/mno-hw-mul/libc.a(lib_a-fclose.o)
 .text._fclose_r
                0x00000000000094fc       0xf8 /home/soleimanmanteghi/intelFPGA/22.1std/nios2eds/bin/gnu/H-x86_64-pc-linux-gnu/bin/../lib/gcc/nios2-elf/12.1.1/../../../../../H-x86_64-pc-linux-gnu/nios2-elf/lib/mno-hw-mul/libc.a(lib_a-fclose.o)
                0x00000000000094fc                _fclose_r
 .text.fclose   0x00000000000095f4       0x10 /home/soleimanmanteghi/intelFPGA/22.1std/nios2eds/bin/gnu/H-x86_64-pc-linux-gnu/bin/../lib/gcc/nios2-elf/12.1.1/../../../../../H-x86_64-pc-linux-gnu/nios2-elf/lib/mno-hw-mul/libc.a(lib_a-fclose.o)
                0x00000000000095f4                fclose
 .text          0x0000000000009604        0x0 /home/soleimanmanteghi/intelFPGA/22.1std/nios2eds/bin/gnu/H-x86_64-pc-linux-gnu/bin/../lib/gcc/nios2-elf/12.1.1/../../../../../H-x86_64-pc-linux-gnu/nios2-elf/lib/mno-hw-mul/libc.a(lib_a-fiprintf.o)
 .text._fiprintf_r
                0x0000000000009604       0x20 /home/soleimanmanteghi/intelFPGA/22.1std/nios2eds/bin/gnu/H-x86_64-pc-linux-gnu/bin/../lib/gcc/nios2-elf/12.1.1/../../../../../H-x86_64-pc-linux-gnu/nios2-elf/lib/mno-hw-mul/libc.a(lib_a-fiprintf.o)
                0x0000000000009604                _fiprintf_r
 .text.fiprintf
                0x0000000000009624       0x38 /home/soleimanmanteghi/intelFPGA/22.1std/nios2eds/bin/gnu/H-x86_64-pc-linux-gnu/bin/../lib/gcc/nios2-elf/12.1.1/../../../../../H-x86_64-pc-linux-gnu/nios2-elf/lib/mno-hw-mul/libc.a(lib_a-fiprintf.o)
                0x0000000000009624                fiprintf
 .text          0x000000000000965c        0x0 /home/soleimanmanteghi/intelFPGA/22.1std/nios2eds/bin/gnu/H-x86_64-pc-linux-gnu/bin/../lib/gcc/nios2-elf/12.1.1/../../../../../H-x86_64-pc-linux-gnu/nios2-elf/lib/mno-hw-mul/libc.a(lib_a-fputwc.o)
 .text.__fputwc
                0x000000000000965c      0x164 /home/soleimanmanteghi/intelFPGA/22.1std/nios2eds/bin/gnu/H-x86_64-pc-linux-gnu/bin/../lib/gcc/nios2-elf/12.1.1/../../../../../H-x86_64-pc-linux-gnu/nios2-elf/lib/mno-hw-mul/libc.a(lib_a-fputwc.o)
                0x000000000000965c                __fputwc
 .text._fputwc_r
                0x00000000000097c0       0x24 /home/soleimanmanteghi/intelFPGA/22.1std/nios2eds/bin/gnu/H-x86_64-pc-linux-gnu/bin/../lib/gcc/nios2-elf/12.1.1/../../../../../H-x86_64-pc-linux-gnu/nios2-elf/lib/mno-hw-mul/libc.a(lib_a-fputwc.o)
                0x00000000000097c0                _fputwc_r
 .text.fputwc   0x00000000000097e4       0x78 /home/soleimanmanteghi/intelFPGA/22.1std/nios2eds/bin/gnu/H-x86_64-pc-linux-gnu/bin/../lib/gcc/nios2-elf/12.1.1/../../../../../H-x86_64-pc-linux-gnu/nios2-elf/lib/mno-hw-mul/libc.a(lib_a-fputwc.o)
                0x00000000000097e4                fputwc
 .text          0x000000000000985c        0x0 /home/soleimanmanteghi/intelFPGA/22.1std/nios2eds/bin/gnu/H-x86_64-pc-linux-gnu/bin/../lib/gcc/nios2-elf/12.1.1/../../../../../H-x86_64-pc-linux-gnu/nios2-elf/lib/mno-hw-mul/libc.a(lib_a-fstatr.o)
 .text._fstat_r
                0x000000000000985c       0x60 /home/soleimanmanteghi/intelFPGA/22.1std/nios2eds/bin/gnu/H-x86_64-pc-linux-gnu/bin/../lib/gcc/nios2-elf/12.1.1/../../../../../H-x86_64-pc-linux-gnu/nios2-elf/lib/mno-hw-mul/libc.a(lib_a-fstatr.o)
                0x000000000000985c                _fstat_r
 .text          0x00000000000098bc        0x0 /home/soleimanmanteghi/intelFPGA/22.1std/nios2eds/bin/gnu/H-x86_64-pc-linux-gnu/bin/../lib/gcc/nios2-elf/12.1.1/../../../../../H-x86_64-pc-linux-gnu/nios2-elf/lib/mno-hw-mul/libc.a(lib_a-int_errno.o)
 .text          0x00000000000098bc        0x0 /home/soleimanmanteghi/intelFPGA/22.1std/nios2eds/bin/gnu/H-x86_64-pc-linux-gnu/bin/../lib/gcc/nios2-elf/12.1.1/../../../../../H-x86_64-pc-linux-gnu/nios2-elf/lib/mno-hw-mul/libc.a(lib_a-isattyr.o)
 .text._isatty_r
                0x00000000000098bc       0x58 /home/soleimanmanteghi/intelFPGA/22.1std/nios2eds/bin/gnu/H-x86_64-pc-linux-gnu/bin/../lib/gcc/nios2-elf/12.1.1/../../../../../H-x86_64-pc-linux-gnu/nios2-elf/lib/mno-hw-mul/libc.a(lib_a-isattyr.o)
                0x00000000000098bc                _isatty_r
 .text          0x0000000000009914        0x0 /home/soleimanmanteghi/intelFPGA/22.1std/nios2eds/bin/gnu/H-x86_64-pc-linux-gnu/bin/../lib/gcc/nios2-elf/12.1.1/../../../../../H-x86_64-pc-linux-gnu/nios2-elf/lib/mno-hw-mul/libc.a(lib_a-locale.o)
 .text._setlocale_r
                0x0000000000009914       0x74 /home/soleimanmanteghi/intelFPGA/22.1std/nios2eds/bin/gnu/H-x86_64-pc-linux-gnu/bin/../lib/gcc/nios2-elf/12.1.1/../../../../../H-x86_64-pc-linux-gnu/nios2-elf/lib/mno-hw-mul/libc.a(lib_a-locale.o)
                0x0000000000009914                _setlocale_r
 .text.__locale_mb_cur_max
                0x0000000000009988        0xc /home/soleimanmanteghi/intelFPGA/22.1std/nios2eds/bin/gnu/H-x86_64-pc-linux-gnu/bin/../lib/gcc/nios2-elf/12.1.1/../../../../../H-x86_64-pc-linux-gnu/nios2-elf/lib/mno-hw-mul/libc.a(lib_a-locale.o)
                0x0000000000009988                __locale_mb_cur_max
 .text.setlocale
                0x0000000000009994       0x74 /home/soleimanmanteghi/intelFPGA/22.1std/nios2eds/bin/gnu/H-x86_64-pc-linux-gnu/bin/../lib/gcc/nios2-elf/12.1.1/../../../../../H-x86_64-pc-linux-gnu/nios2-elf/lib/mno-hw-mul/libc.a(lib_a-locale.o)
                0x0000000000009994                setlocale
 .text          0x0000000000009a08        0x0 /home/soleimanmanteghi/intelFPGA/22.1std/nios2eds/bin/gnu/H-x86_64-pc-linux-gnu/bin/../lib/gcc/nios2-elf/12.1.1/../../../../../H-x86_64-pc-linux-gnu/nios2-elf/lib/mno-hw-mul/libc.a(lib_a-lseekr.o)
 .text._lseek_r
                0x0000000000009a08       0x64 /home/soleimanmanteghi/intelFPGA/22.1std/nios2eds/bin/gnu/H-x86_64-pc-linux-gnu/bin/../lib/gcc/nios2-elf/12.1.1/../../../../../H-x86_64-pc-linux-gnu/nios2-elf/lib/mno-hw-mul/libc.a(lib_a-lseekr.o)
                0x0000000000009a08                _lseek_r
 .text          0x0000000000009a6c        0x0 /home/soleimanmanteghi/intelFPGA/22.1std/nios2eds/bin/gnu/H-x86_64-pc-linux-gnu/bin/../lib/gcc/nios2-elf/12.1.1/../../../../../H-x86_64-pc-linux-gnu/nios2-elf/lib/mno-hw-mul/libc.a(lib_a-mbtowc_r.o)
 .text._mbtowc_r
                0x0000000000009a6c        0xc /home/soleimanmanteghi/intelFPGA/22.1std/nios2eds/bin/gnu/H-x86_64-pc-linux-gnu/bin/../lib/gcc/nios2-elf/12.1.1/../../../../../H-x86_64-pc-linux-gnu/nios2-elf/lib/mno-hw-mul/libc.a(lib_a-mbtowc_r.o)
                0x0000000000009a6c                _mbtowc_r
 .text.__ascii_mbtowc
                0x0000000000009a78       0x44 /home/soleimanmanteghi/intelFPGA/22.1std/nios2eds/bin/gnu/H-x86_64-pc-linux-gnu/bin/../lib/gcc/nios2-elf/12.1.1/../../../../../H-x86_64-pc-linux-gnu/nios2-elf/lib/mno-hw-mul/libc.a(lib_a-mbtowc_r.o)
                0x0000000000009a78                __ascii_mbtowc
 .text          0x0000000000009abc        0x0 /home/soleimanmanteghi/intelFPGA/22.1std/nios2eds/bin/gnu/H-x86_64-pc-linux-gnu/bin/../lib/gcc/nios2-elf/12.1.1/../../../../../H-x86_64-pc-linux-gnu/nios2-elf/lib/mno-hw-mul/libc.a(lib_a-readr.o)
 .text._read_r  0x0000000000009abc       0x64 /home/soleimanmanteghi/intelFPGA/22.1std/nios2eds/bin/gnu/H-x86_64-pc-linux-gnu/bin/../lib/gcc/nios2-elf/12.1.1/../../../../../H-x86_64-pc-linux-gnu/nios2-elf/lib/mno-hw-mul/libc.a(lib_a-readr.o)
                0x0000000000009abc                _read_r
 .text          0x0000000000009b20        0x0 /home/soleimanmanteghi/intelFPGA/22.1std/nios2eds/bin/gnu/H-x86_64-pc-linux-gnu/bin/../lib/gcc/nios2-elf/12.1.1/../../../../../H-x86_64-pc-linux-gnu/nios2-elf/lib/mno-hw-mul/libc.a(lib_a-strcmp.o)
 .text.strcmp   0x0000000000009b20       0xb8 /home/soleimanmanteghi/intelFPGA/22.1std/nios2eds/bin/gnu/H-x86_64-pc-linux-gnu/bin/../lib/gcc/nios2-elf/12.1.1/../../../../../H-x86_64-pc-linux-gnu/nios2-elf/lib/mno-hw-mul/libc.a(lib_a-strcmp.o)
                0x0000000000009b20                strcmp
 .text          0x0000000000009bd8        0x0 /home/soleimanmanteghi/intelFPGA/22.1std/nios2eds/bin/gnu/H-x86_64-pc-linux-gnu/bin/../lib/gcc/nios2-elf/12.1.1/../../../../../H-x86_64-pc-linux-gnu/nios2-elf/lib/mno-hw-mul/libc.a(lib_a-vfiprintfr_1.o)
 .text._vfiprintf_r
                0x0000000000009bd8        0x4 /home/soleimanmanteghi/intelFPGA/22.1std/nios2eds/bin/gnu/H-x86_64-pc-linux-gnu/bin/../lib/gcc/nios2-elf/12.1.1/../../../../../H-x86_64-pc-linux-gnu/nios2-elf/lib/mno-hw-mul/libc.a(lib_a-vfiprintfr_1.o)
                0x0000000000009bd8                _vfiprintf_r
 .text          0x0000000000009bdc        0x0 /home/soleimanmanteghi/intelFPGA/22.1std/nios2eds/bin/gnu/H-x86_64-pc-linux-gnu/bin/../lib/gcc/nios2-elf/12.1.1/../../../../../H-x86_64-pc-linux-gnu/nios2-elf/lib/mno-hw-mul/libc.a(lib_a-wbuf.o)
 .text.__swbuf_r
                0x0000000000009bdc      0x148 /home/soleimanmanteghi/intelFPGA/22.1std/nios2eds/bin/gnu/H-x86_64-pc-linux-gnu/bin/../lib/gcc/nios2-elf/12.1.1/../../../../../H-x86_64-pc-linux-gnu/nios2-elf/lib/mno-hw-mul/libc.a(lib_a-wbuf.o)
                0x0000000000009bdc                __swbuf_r
 .text.__swbuf  0x0000000000009d24       0x18 /home/soleimanmanteghi/intelFPGA/22.1std/nios2eds/bin/gnu/H-x86_64-pc-linux-gnu/bin/../lib/gcc/nios2-elf/12.1.1/../../../../../H-x86_64-pc-linux-gnu/nios2-elf/lib/mno-hw-mul/libc.a(lib_a-wbuf.o)
                0x0000000000009d24                __swbuf
 .text          0x0000000000009d3c        0x0 /home/soleimanmanteghi/intelFPGA/22.1std/nios2eds/bin/gnu/H-x86_64-pc-linux-gnu/bin/../lib/gcc/nios2-elf/12.1.1/../../../../../H-x86_64-pc-linux-gnu/nios2-elf/lib/mno-hw-mul/libc.a(lib_a-wcrtomb.o)
 .text._wcrtomb_r
                0x0000000000009d3c       0x6c /home/soleimanmanteghi/intelFPGA/22.1std/nios2eds/bin/gnu/H-x86_64-pc-linux-gnu/bin/../lib/gcc/nios2-elf/12.1.1/../../../../../H-x86_64-pc-linux-gnu/nios2-elf/lib/mno-hw-mul/libc.a(lib_a-wcrtomb.o)
                0x0000000000009d3c                _wcrtomb_r
 .text.wcrtomb  0x0000000000009da8       0x88 /home/soleimanmanteghi/intelFPGA/22.1std/nios2eds/bin/gnu/H-x86_64-pc-linux-gnu/bin/../lib/gcc/nios2-elf/12.1.1/../../../../../H-x86_64-pc-linux-gnu/nios2-elf/lib/mno-hw-mul/libc.a(lib_a-wcrtomb.o)
                0x0000000000009da8                wcrtomb
 .text          0x0000000000009e30        0x0 /home/soleimanmanteghi/intelFPGA/22.1std/nios2eds/bin/gnu/H-x86_64-pc-linux-gnu/bin/../lib/gcc/nios2-elf/12.1.1/../../../../../H-x86_64-pc-linux-gnu/nios2-elf/lib/mno-hw-mul/libc.a(lib_a-wctomb_r.o)
 .text._wctomb_r
                0x0000000000009e30        0xc /home/soleimanmanteghi/intelFPGA/22.1std/nios2eds/bin/gnu/H-x86_64-pc-linux-gnu/bin/../lib/gcc/nios2-elf/12.1.1/../../../../../H-x86_64-pc-linux-gnu/nios2-elf/lib/mno-hw-mul/libc.a(lib_a-wctomb_r.o)
                0x0000000000009e30                _wctomb_r
 .text.__ascii_wctomb
                0x0000000000009e3c       0x30 /home/soleimanmanteghi/intelFPGA/22.1std/nios2eds/bin/gnu/H-x86_64-pc-linux-gnu/bin/../lib/gcc/nios2-elf/12.1.1/../../../../../H-x86_64-pc-linux-gnu/nios2-elf/lib/mno-hw-mul/libc.a(lib_a-wctomb_r.o)
                0x0000000000009e3c                __ascii_wctomb
 .text          0x0000000000009e6c        0x0 /home/soleimanmanteghi/intelFPGA/22.1std/nios2eds/bin/gnu/H-x86_64-pc-linux-gnu/bin/../lib/gcc/nios2-elf/12.1.1/../../../../../H-x86_64-pc-linux-gnu/nios2-elf/lib/mno-hw-mul/libc.a(lib_a-abort.o)
 .text.unlikely.abort
                0x0000000000009e6c       0x18 /home/soleimanmanteghi/intelFPGA/22.1std/nios2eds/bin/gnu/H-x86_64-pc-linux-gnu/bin/../lib/gcc/nios2-elf/12.1.1/../../../../../H-x86_64-pc-linux-gnu/nios2-elf/lib/mno-hw-mul/libc.a(lib_a-abort.o)
                0x0000000000009e6c                abort
 .text          0x0000000000009e84        0x0 /home/soleimanmanteghi/intelFPGA/22.1std/nios2eds/bin/gnu/H-x86_64-pc-linux-gnu/bin/../lib/gcc/nios2-elf/12.1.1/../../../../../H-x86_64-pc-linux-gnu/nios2-elf/lib/mno-hw-mul/libc.a(lib_a-ctype_.o)
 .text          0x0000000000009e84        0x0 /home/soleimanmanteghi/intelFPGA/22.1std/nios2eds/bin/gnu/H-x86_64-pc-linux-gnu/bin/../lib/gcc/nios2-elf/12.1.1/../../../../../H-x86_64-pc-linux-gnu/nios2-elf/lib/mno-hw-mul/libc.a(lib_a-signal.o)
 .text._init_signal_r
                0x0000000000009e84       0x5c /home/soleimanmanteghi/intelFPGA/22.1std/nios2eds/bin/gnu/H-x86_64-pc-linux-gnu/bin/../lib/gcc/nios2-elf/12.1.1/../../../../../H-x86_64-pc-linux-gnu/nios2-elf/lib/mno-hw-mul/libc.a(lib_a-signal.o)
                0x0000000000009e84                _init_signal_r
 .text._signal_r
                0x0000000000009ee0       0x90 /home/soleimanmanteghi/intelFPGA/22.1std/nios2eds/bin/gnu/H-x86_64-pc-linux-gnu/bin/../lib/gcc/nios2-elf/12.1.1/../../../../../H-x86_64-pc-linux-gnu/nios2-elf/lib/mno-hw-mul/libc.a(lib_a-signal.o)
                0x0000000000009ee0                _signal_r
 .text._raise_r
                0x0000000000009f70       0xb0 /home/soleimanmanteghi/intelFPGA/22.1std/nios2eds/bin/gnu/H-x86_64-pc-linux-gnu/bin/../lib/gcc/nios2-elf/12.1.1/../../../../../H-x86_64-pc-linux-gnu/nios2-elf/lib/mno-hw-mul/libc.a(lib_a-signal.o)
                0x0000000000009f70                _raise_r
 .text.__sigtramp_r
                0x000000000000a020       0xbc /home/soleimanmanteghi/intelFPGA/22.1std/nios2eds/bin/gnu/H-x86_64-pc-linux-gnu/bin/../lib/gcc/nios2-elf/12.1.1/../../../../../H-x86_64-pc-linux-gnu/nios2-elf/lib/mno-hw-mul/libc.a(lib_a-signal.o)
                0x000000000000a020                __sigtramp_r
 .text.raise    0x000000000000a0dc       0xb4 /home/soleimanmanteghi/intelFPGA/22.1std/nios2eds/bin/gnu/H-x86_64-pc-linux-gnu/bin/../lib/gcc/nios2-elf/12.1.1/../../../../../H-x86_64-pc-linux-gnu/nios2-elf/lib/mno-hw-mul/libc.a(lib_a-signal.o)
                0x000000000000a0dc                raise
 .text.signal   0x000000000000a190       0x98 /home/soleimanmanteghi/intelFPGA/22.1std/nios2eds/bin/gnu/H-x86_64-pc-linux-gnu/bin/../lib/gcc/nios2-elf/12.1.1/../../../../../H-x86_64-pc-linux-gnu/nios2-elf/lib/mno-hw-mul/libc.a(lib_a-signal.o)
                0x000000000000a190                signal
 .text._init_signal
                0x000000000000a228       0x60 /home/soleimanmanteghi/intelFPGA/22.1std/nios2eds/bin/gnu/H-x86_64-pc-linux-gnu/bin/../lib/gcc/nios2-elf/12.1.1/../../../../../H-x86_64-pc-linux-gnu/nios2-elf/lib/mno-hw-mul/libc.a(lib_a-signal.o)
                0x000000000000a228                _init_signal
 .text.__sigtramp
                0x000000000000a288       0xbc /home/soleimanmanteghi/intelFPGA/22.1std/nios2eds/bin/gnu/H-x86_64-pc-linux-gnu/bin/../lib/gcc/nios2-elf/12.1.1/../../../../../H-x86_64-pc-linux-gnu/nios2-elf/lib/mno-hw-mul/libc.a(lib_a-signal.o)
                0x000000000000a288                __sigtramp
 .text          0x000000000000a344        0x0 /home/soleimanmanteghi/intelFPGA/22.1std/nios2eds/bin/gnu/H-x86_64-pc-linux-gnu/bin/../lib/gcc/nios2-elf/12.1.1/../../../../../H-x86_64-pc-linux-gnu/nios2-elf/lib/mno-hw-mul/libc.a(lib_a-signalr.o)
 .text._kill_r  0x000000000000a344       0x60 /home/soleimanmanteghi/intelFPGA/22.1std/nios2eds/bin/gnu/H-x86_64-pc-linux-gnu/bin/../lib/gcc/nios2-elf/12.1.1/../../../../../H-x86_64-pc-linux-gnu/nios2-elf/lib/mno-hw-mul/libc.a(lib_a-signalr.o)
                0x000000000000a344                _kill_r
 .text._getpid_r
                0x000000000000a3a4        0x4 /home/soleimanmanteghi/intelFPGA/22.1std/nios2eds/bin/gnu/H-x86_64-pc-linux-gnu/bin/../lib/gcc/nios2-elf/12.1.1/../../../../../H-x86_64-pc-linux-gnu/nios2-elf/lib/mno-hw-mul/libc.a(lib_a-signalr.o)
                0x000000000000a3a4                _getpid_r
 .text          0x000000000000a3a8      0x5d8 /home/soleimanmanteghi/intelFPGA/22.1std/nios2eds/bin/gnu/H-x86_64-pc-linux-gnu/bin/../lib/gcc/nios2-elf/12.1.1/mno-hw-mul/libgcc.a(_udivdi3.o)
                0x000000000000a3a8                __udivdi3
 .text          0x000000000000a980      0x55c /home/soleimanmanteghi/intelFPGA/22.1std/nios2eds/bin/gnu/H-x86_64-pc-linux-gnu/bin/../lib/gcc/nios2-elf/12.1.1/mno-hw-mul/libgcc.a(_umoddi3.o)
                0x000000000000a980                __umoddi3
 .text          0x000000000000aedc      0x1b4 /home/soleimanmanteghi/intelFPGA/22.1std/nios2eds/bin/gnu/H-x86_64-pc-linux-gnu/bin/../lib/gcc/nios2-elf/12.1.1/mno-hw-mul/libgcc.a(lib2-divmod.o)
                0x000000000000aedc                __divsi3
                0x000000000000af5c                __modsi3
                0x000000000000afd0                __udivsi3
                0x000000000000b034                __umodsi3
 .text          0x000000000000b090       0x28 /home/soleimanmanteghi/intelFPGA/22.1std/nios2eds/bin/gnu/H-x86_64-pc-linux-gnu/bin/../lib/gcc/nios2-elf/12.1.1/mno-hw-mul/libgcc.a(lib2-mul.o)
                0x000000000000b090                __mulsi3
 .text          0x000000000000b0b8      0x904 /home/soleimanmanteghi/intelFPGA/22.1std/nios2eds/bin/gnu/H-x86_64-pc-linux-gnu/bin/../lib/gcc/nios2-elf/12.1.1/mno-hw-mul/libgcc.a(adddf3.o)
                0x000000000000b0b8                __adddf3
 .text          0x000000000000b9bc      0x8ec /home/soleimanmanteghi/intelFPGA/22.1std/nios2eds/bin/gnu/H-x86_64-pc-linux-gnu/bin/../lib/gcc/nios2-elf/12.1.1/mno-hw-mul/libgcc.a(divdf3.o)
                0x000000000000b9bc                __divdf3
 .text          0x000000000000c2a8       0x94 /home/soleimanmanteghi/intelFPGA/22.1std/nios2eds/bin/gnu/H-x86_64-pc-linux-gnu/bin/../lib/gcc/nios2-elf/12.1.1/mno-hw-mul/libgcc.a(eqdf2.o)
                0x000000000000c2a8                __eqdf2
                0x000000000000c2a8                __nedf2
 .text          0x000000000000c33c       0xfc /home/soleimanmanteghi/intelFPGA/22.1std/nios2eds/bin/gnu/H-x86_64-pc-linux-gnu/bin/../lib/gcc/nios2-elf/12.1.1/mno-hw-mul/libgcc.a(gedf2.o)
                0x000000000000c33c                __gtdf2
                0x000000000000c33c                __gedf2
 .text          0x000000000000c438       0xf8 /home/soleimanmanteghi/intelFPGA/22.1std/nios2eds/bin/gnu/H-x86_64-pc-linux-gnu/bin/../lib/gcc/nios2-elf/12.1.1/mno-hw-mul/libgcc.a(ledf2.o)
                0x000000000000c438                __ltdf2
                0x000000000000c438                __ledf2
 .text          0x000000000000c530      0x808 /home/soleimanmanteghi/intelFPGA/22.1std/nios2eds/bin/gnu/H-x86_64-pc-linux-gnu/bin/../lib/gcc/nios2-elf/12.1.1/mno-hw-mul/libgcc.a(muldf3.o)
                0x000000000000c530                __muldf3
 .text          0x000000000000cd38      0x99c /home/soleimanmanteghi/intelFPGA/22.1std/nios2eds/bin/gnu/H-x86_64-pc-linux-gnu/bin/../lib/gcc/nios2-elf/12.1.1/mno-hw-mul/libgcc.a(subdf3.o)
                0x000000000000cd38                __subdf3
 .text          0x000000000000d6d4       0x54 /home/soleimanmanteghi/intelFPGA/22.1std/nios2eds/bin/gnu/H-x86_64-pc-linux-gnu/bin/../lib/gcc/nios2-elf/12.1.1/mno-hw-mul/libgcc.a(unorddf2.o)
                0x000000000000d6d4                __unorddf2
 .text          0x000000000000d728       0x80 /home/soleimanmanteghi/intelFPGA/22.1std/nios2eds/bin/gnu/H-x86_64-pc-linux-gnu/bin/../lib/gcc/nios2-elf/12.1.1/mno-hw-mul/libgcc.a(fixdfsi.o)
                0x000000000000d728                __fixdfsi
 .text          0x000000000000d7a8       0xb8 /home/soleimanmanteghi/intelFPGA/22.1std/nios2eds/bin/gnu/H-x86_64-pc-linux-gnu/bin/../lib/gcc/nios2-elf/12.1.1/mno-hw-mul/libgcc.a(floatsidf.o)
                0x000000000000d7a8                __floatsidf
 .text          0x000000000000d860       0x90 /home/soleimanmanteghi/intelFPGA/22.1std/nios2eds/bin/gnu/H-x86_64-pc-linux-gnu/bin/../lib/gcc/nios2-elf/12.1.1/mno-hw-mul/libgcc.a(floatunsidf.o)
                0x000000000000d860                __floatunsidf
 .text          0x000000000000d8f0        0x0 /home/soleimanmanteghi/intelFPGA/22.1std/nios2eds/bin/gnu/H-x86_64-pc-linux-gnu/bin/../lib/gcc/nios2-elf/12.1.1/mno-hw-mul/libgcc.a(_clz.o)
 .text          0x000000000000d8f0       0x50 /home/soleimanmanteghi/intelFPGA/22.1std/nios2eds/bin/gnu/H-x86_64-pc-linux-gnu/bin/../lib/gcc/nios2-elf/12.1.1/mno-hw-mul/libgcc.a(_clzsi2.o)
                0x000000000000d8f0                __clzsi2
 .text          0x000000000000d940      0x118 ../Nios2_Actor_bsp//libhal_bsp.a(alt_close.o)
                0x000000000000d97c                close
 .text          0x000000000000da58       0x2c ../Nios2_Actor_bsp//libhal_bsp.a(alt_dev.o)
 .text          0x000000000000da84        0x0 ../Nios2_Actor_bsp//libhal_bsp.a(alt_errno.o)
 .text          0x000000000000da84       0x3c ../Nios2_Actor_bsp//libhal_bsp.a(alt_exit.o)
                0x000000000000da84                _exit
 .text          0x000000000000dac0       0xf8 ../Nios2_Actor_bsp//libhal_bsp.a(alt_fstat.o)
                0x000000000000dafc                fstat
 .text          0x000000000000dbb8       0x20 ../Nios2_Actor_bsp//libhal_bsp.a(alt_getpid.o)
                0x000000000000dbb8                getpid
 .text          0x000000000000dbd8       0xec ../Nios2_Actor_bsp//libhal_bsp.a(alt_isatty.o)
                0x000000000000dc14                isatty
 .text          0x000000000000dcc4      0x12c ../Nios2_Actor_bsp//libhal_bsp.a(alt_kill.o)
                0x000000000000dd00                kill
 .text          0x000000000000ddf0       0xec ../Nios2_Actor_bsp//libhal_bsp.a(alt_load.o)
                0x000000000000de58                alt_load
 .text          0x000000000000dedc      0x11c ../Nios2_Actor_bsp//libhal_bsp.a(alt_lseek.o)
                0x000000000000df18                lseek
 .text          0x000000000000dff8       0x7c ../Nios2_Actor_bsp//libhal_bsp.a(alt_main.o)
                0x000000000000dff8                alt_main
 .text          0x000000000000e074       0x48 ../Nios2_Actor_bsp//libhal_bsp.a(alt_malloc_lock.o)
                0x000000000000e074                __malloc_lock
                0x000000000000e098                __malloc_unlock
 .text          0x000000000000e0bc      0x144 ../Nios2_Actor_bsp//libhal_bsp.a(alt_read.o)
                0x000000000000e0f8                read
 .text          0x000000000000e200       0x70 ../Nios2_Actor_bsp//libhal_bsp.a(alt_release_fd.o)
                0x000000000000e200                alt_release_fd
 .text          0x000000000000e270       0xb8 ../Nios2_Actor_bsp//libhal_bsp.a(alt_sbrk.o)
                0x000000000000e270                sbrk
 .text          0x000000000000e328      0x140 ../Nios2_Actor_bsp//libhal_bsp.a(alt_write.o)
                0x000000000000e364                write
 .text          0x000000000000e468       0xc0 ../Nios2_Actor_bsp//libhal_bsp.a(alt_sys_init.o)
                0x000000000000e49c                alt_irq_init
                0x000000000000e4d8                alt_sys_init
 .text          0x000000000000e528      0x4f8 ../Nios2_Actor_bsp//libhal_bsp.a(altera_avalon_fifo_util.o)
                0x000000000000e528                altera_avalon_fifo_init
                0x000000000000e5c0                altera_avalon_fifo_read_status
                0x000000000000e5fc                altera_avalon_fifo_read_ienable
                0x000000000000e638                altera_avalon_fifo_read_almostfull
                0x000000000000e664                altera_avalon_fifo_read_almostempty
                0x000000000000e690                altera_avalon_fifo_read_event
                0x000000000000e6cc                altera_avalon_fifo_read_level
                0x000000000000e6f4                altera_avalon_fifo_clear_event
                0x000000000000e754                altera_avalon_fifo_write_ienable
                0x000000000000e7ac                altera_avalon_fifo_write_almostfull
                0x000000000000e804                altera_avalon_fifo_write_almostempty
                0x000000000000e85c                altera_avalon_fifo_write_fifo
                0x000000000000e8b4                altera_avalon_read_fifo
                0x000000000000e920                altera_avalon_fifo_read_fifo
                0x000000000000e96c                altera_avalon_fifo_write_other_info
                0x000000000000e9cc                altera_avalon_fifo_read_other_info
                0x000000000000e9f8                altera_avalon_fifo_read_backpressure
 .text          0x000000000000ea20      0x164 ../Nios2_Actor_bsp//libhal_bsp.a(altera_avalon_jtag_uart_fd.o)
                0x000000000000ea20                altera_avalon_jtag_uart_read_fd
                0x000000000000ea80                altera_avalon_jtag_uart_write_fd
                0x000000000000eae0                altera_avalon_jtag_uart_close_fd
                0x000000000000eb30                altera_avalon_jtag_uart_ioctl_fd
 .text          0x000000000000eb84      0x3e4 ../Nios2_Actor_bsp//libhal_bsp.a(altera_avalon_jtag_uart_init.o)
                0x000000000000eb84                altera_avalon_jtag_uart_init
                0x000000000000ef00                altera_avalon_jtag_uart_close
 .text          0x000000000000ef68       0xf4 ../Nios2_Actor_bsp//libhal_bsp.a(altera_avalon_jtag_uart_ioctl.o)
                0x000000000000ef68                altera_avalon_jtag_uart_ioctl
 .text          0x000000000000f05c      0x220 ../Nios2_Actor_bsp//libhal_bsp.a(altera_avalon_jtag_uart_read.o)
                0x000000000000f05c                altera_avalon_jtag_uart_read
 .text          0x000000000000f27c      0x228 ../Nios2_Actor_bsp//libhal_bsp.a(altera_avalon_jtag_uart_write.o)
                0x000000000000f27c                altera_avalon_jtag_uart_write
 .text          0x000000000000f4a4      0x160 ../Nios2_Actor_bsp//libhal_bsp.a(alt_alarm_start.o)
                0x000000000000f4a4                alt_alarm_start
 .text          0x000000000000f604       0x20 ../Nios2_Actor_bsp//libhal_bsp.a(alt_dcache_flush_all.o)
                0x000000000000f604                alt_dcache_flush_all
 .text          0x000000000000f624       0xe4 ../Nios2_Actor_bsp//libhal_bsp.a(alt_dev_llist_insert.o)
                0x000000000000f660                alt_dev_llist_insert
 .text          0x000000000000f708       0x64 ../Nios2_Actor_bsp//libhal_bsp.a(alt_do_ctors.o)
                0x000000000000f708                _do_ctors
 .text          0x000000000000f76c       0x64 ../Nios2_Actor_bsp//libhal_bsp.a(alt_do_dtors.o)
                0x000000000000f76c                _do_dtors
 .text          0x000000000000f7d0       0x20 ../Nios2_Actor_bsp//libhal_bsp.a(alt_icache_flush_all.o)
                0x000000000000f7d0                alt_icache_flush_all
 .text          0x000000000000f7f0      0x1b0 ../Nios2_Actor_bsp//libhal_bsp.a(alt_iic.o)
                0x000000000000f7f0                alt_ic_isr_register
                0x000000000000f840                alt_ic_irq_enable
                0x000000000000f8c8                alt_ic_irq_disable
                0x000000000000f954                alt_ic_irq_enabled
 .text          0x000000000000f9a0       0xe8 ../Nios2_Actor_bsp//libhal_bsp.a(alt_iic_isr_register.o)
                0x000000000000f9a0                alt_iic_isr_register
 .text          0x000000000000fa88      0x150 ../Nios2_Actor_bsp//libhal_bsp.a(alt_io_redirect.o)
                0x000000000000fb5c                alt_io_redirect
 .text          0x000000000000fbd8        0x0 ../Nios2_Actor_bsp//libhal_bsp.a(alt_irq_entry.o)
 .text          0x000000000000fbd8        0x0 ../Nios2_Actor_bsp//libhal_bsp.a(alt_irq_handler.o)
 .text          0x000000000000fbd8        0x0 ../Nios2_Actor_bsp//libhal_bsp.a(alt_irq_vars.o)
 .text          0x000000000000fbd8      0x278 ../Nios2_Actor_bsp//libhal_bsp.a(alt_open.o)
                0x000000000000fcf0                open
 .text          0x000000000000fe50      0x1d0 ../Nios2_Actor_bsp//libhal_bsp.a(alt_tick.o)
                0x000000000000fe50                alt_alarm_stop
                0x000000000000fef4                alt_tick
 .text          0x0000000000010020       0x24 ../Nios2_Actor_bsp//libhal_bsp.a(altera_nios2_gen2_irq.o)
                0x0000000000010020                altera_nios2_gen2_irq_init
 .text          0x0000000000010044        0x0 ../Nios2_Actor_bsp//libhal_bsp.a(alt_exception_entry.o)
 .text          0x0000000000010044       0x90 ../Nios2_Actor_bsp//libhal_bsp.a(alt_find_dev.o)
                0x0000000000010044                alt_find_dev
 .text          0x00000000000100d4      0x108 ../Nios2_Actor_bsp//libhal_bsp.a(alt_find_file.o)
                0x00000000000100d4                alt_find_file
 .text          0x00000000000101dc       0xb8 ../Nios2_Actor_bsp//libhal_bsp.a(alt_get_fd.o)
                0x00000000000101dc                alt_get_fd
 .text          0x0000000000010294       0x74 ../Nios2_Actor_bsp//libhal_bsp.a(alt_instruction_exception_entry.o)
                0x0000000000010294                alt_exception_cause_generated_bad_addr
 .text          0x0000000000010308        0x0 /home/soleimanmanteghi/intelFPGA/22.1std/nios2eds/bin/gnu/H-x86_64-pc-linux-gnu/bin/../lib/gcc/nios2-elf/12.1.1/../../../../../H-x86_64-pc-linux-gnu/nios2-elf/lib/mno-hw-mul/libc.a(lib_a-atexit.o)
 .text.atexit   0x0000000000010308       0x14 /home/soleimanmanteghi/intelFPGA/22.1std/nios2eds/bin/gnu/H-x86_64-pc-linux-gnu/bin/../lib/gcc/nios2-elf/12.1.1/../../../../../H-x86_64-pc-linux-gnu/nios2-elf/lib/mno-hw-mul/libc.a(lib_a-atexit.o)
                0x0000000000010308                atexit
 .text          0x000000000001031c        0x0 /home/soleimanmanteghi/intelFPGA/22.1std/nios2eds/bin/gnu/H-x86_64-pc-linux-gnu/bin/../lib/gcc/nios2-elf/12.1.1/../../../../../H-x86_64-pc-linux-gnu/nios2-elf/lib/mno-hw-mul/libc.a(lib_a-exit.o)
 .text.exit     0x000000000001031c       0x34 /home/soleimanmanteghi/intelFPGA/22.1std/nios2eds/bin/gnu/H-x86_64-pc-linux-gnu/bin/../lib/gcc/nios2-elf/12.1.1/../../../../../H-x86_64-pc-linux-gnu/nios2-elf/lib/mno-hw-mul/libc.a(lib_a-exit.o)
                0x000000000001031c                exit
 .text          0x0000000000010350        0x0 /home/soleimanmanteghi/intelFPGA/22.1std/nios2eds/bin/gnu/H-x86_64-pc-linux-gnu/bin/../lib/gcc/nios2-elf/12.1.1/../../../../../H-x86_64-pc-linux-gnu/nios2-elf/lib/mno-hw-mul/libc.a(lib_a-memcmp.o)
 .text.memcmp   0x0000000000010350       0x78 /home/soleimanmanteghi/intelFPGA/22.1std/nios2eds/bin/gnu/H-x86_64-pc-linux-gnu/bin/../lib/gcc/nios2-elf/12.1.1/../../../../../H-x86_64-pc-linux-gnu/nios2-elf/lib/mno-hw-mul/libc.a(lib_a-memcmp.o)
                0x0000000000010350                memcmp
 .text          0x00000000000103c8        0x0 /home/soleimanmanteghi/intelFPGA/22.1std/nios2eds/bin/gnu/H-x86_64-pc-linux-gnu/bin/../lib/gcc/nios2-elf/12.1.1/../../../../../H-x86_64-pc-linux-gnu/nios2-elf/lib/mno-hw-mul/libc.a(lib_a-__atexit.o)
 .text.__register_exitproc
                0x00000000000103c8       0x90 /home/soleimanmanteghi/intelFPGA/22.1std/nios2eds/bin/gnu/H-x86_64-pc-linux-gnu/bin/../lib/gcc/nios2-elf/12.1.1/../../../../../H-x86_64-pc-linux-gnu/nios2-elf/lib/mno-hw-mul/libc.a(lib_a-__atexit.o)
                0x00000000000103c8                __register_exitproc
 .text          0x0000000000010458        0x0 /home/soleimanmanteghi/intelFPGA/22.1std/nios2eds/bin/gnu/H-x86_64-pc-linux-gnu/bin/../lib/gcc/nios2-elf/12.1.1/../../../../../H-x86_64-pc-linux-gnu/nios2-elf/lib/mno-hw-mul/libc.a(lib_a-__call_atexit.o)
 .text.__call_exitprocs
                0x0000000000010458      0x120 /home/soleimanmanteghi/intelFPGA/22.1std/nios2eds/bin/gnu/H-x86_64-pc-linux-gnu/bin/../lib/gcc/nios2-elf/12.1.1/../../../../../H-x86_64-pc-linux-gnu/nios2-elf/lib/mno-hw-mul/libc.a(lib_a-__call_atexit.o)
                0x0000000000010458                __call_exitprocs
 *(.gnu.warning.*)
 *(.fini)
                [!provide]                        PROVIDE (__etext = ABSOLUTE (.))
                [!provide]                        PROVIDE (_etext = ABSOLUTE (.))
                [!provide]                        PROVIDE (etext = ABSOLUTE (.))
 *(.eh_frame_hdr)
                0x0000000000010578                . = ALIGN (0x4)
                [!provide]                        PROVIDE (__preinit_array_start = ABSOLUTE (.))
 *(.preinit_array)
                [!provide]                        PROVIDE (__preinit_array_end = ABSOLUTE (.))
                [!provide]                        PROVIDE (__init_array_start = ABSOLUTE (.))
 *(.init_array)
                [!provide]                        PROVIDE (__init_array_end = ABSOLUTE (.))
                [!provide]                        PROVIDE (__fini_array_start = ABSOLUTE (.))
 *(.fini_array)
                [!provide]                        PROVIDE (__fini_array_end = ABSOLUTE (.))
 *(.eh_frame)
 *(.gcc_except_table .gcc_except_table.*)
 *(.dynamic)
                0x0000000000010578                PROVIDE (__CTOR_LIST__ = ABSOLUTE (.))
 *(.ctors)
 *(SORT_BY_NAME(.ctors.*))
                0x0000000000010578                PROVIDE (__CTOR_END__ = ABSOLUTE (.))
                0x0000000000010578                PROVIDE (__DTOR_LIST__ = ABSOLUTE (.))
 *(.dtors)
 *(SORT_BY_NAME(.dtors.*))
                0x0000000000010578                PROVIDE (__DTOR_END__ = ABSOLUTE (.))
 *(.jcr)
                0x0000000000010578                . = ALIGN (0x4)

.rodata         0x0000000000010578      0x67c
                0x0000000000010578                PROVIDE (__ram_rodata_start = ABSOLUTE (.))
                0x0000000000010578                . = ALIGN (0x4)
 *(.rodata .rodata.* .gnu.linkonce.r.*)
 .rodata        0x0000000000010578       0x23 obj/default/hello_world.o
 *fill*         0x000000000001059b        0x1 
 .rodata._puts_r.str1.4
                0x000000000001059c        0x2 /home/soleimanmanteghi/intelFPGA/22.1std/nios2eds/bin/gnu/H-x86_64-pc-linux-gnu/bin/../lib/gcc/nios2-elf/12.1.1/../../../../../H-x86_64-pc-linux-gnu/nios2-elf/lib/mno-hw-mul/libc.a(lib_a-puts.o)
 *fill*         0x000000000001059e        0x2 
 .rodata.___vfprintf_internal_r.str1.4
                0x00000000000105a0       0x42 /home/soleimanmanteghi/intelFPGA/22.1std/nios2eds/bin/gnu/H-x86_64-pc-linux-gnu/bin/../lib/gcc/nios2-elf/12.1.1/../../../../../H-x86_64-pc-linux-gnu/nios2-elf/lib/mno-hw-mul/libc.a(lib_a-vfprintf.o)
 *fill*         0x00000000000105e2        0x2 
 .rodata.zeroes.0
                0x00000000000105e4       0x10 /home/soleimanmanteghi/intelFPGA/22.1std/nios2eds/bin/gnu/H-x86_64-pc-linux-gnu/bin/../lib/gcc/nios2-elf/12.1.1/../../../../../H-x86_64-pc-linux-gnu/nios2-elf/lib/mno-hw-mul/libc.a(lib_a-vfprintf.o)
 .rodata.blanks.1
                0x00000000000105f4       0x10 /home/soleimanmanteghi/intelFPGA/22.1std/nios2eds/bin/gnu/H-x86_64-pc-linux-gnu/bin/../lib/gcc/nios2-elf/12.1.1/../../../../../H-x86_64-pc-linux-gnu/nios2-elf/lib/mno-hw-mul/libc.a(lib_a-vfprintf.o)
 .rodata._dtoa_r.str1.4
                0x0000000000010604       0x61 /home/soleimanmanteghi/intelFPGA/22.1std/nios2eds/bin/gnu/H-x86_64-pc-linux-gnu/bin/../lib/gcc/nios2-elf/12.1.1/../../../../../H-x86_64-pc-linux-gnu/nios2-elf/lib/mno-hw-mul/libc.a(lib_a-dtoa.o)
                                         0x65 (size before relaxing)
 *fill*         0x0000000000010665        0x3 
 .rodata.__multadd.str1.4
                0x0000000000010668       0x3e /home/soleimanmanteghi/intelFPGA/22.1std/nios2eds/bin/gnu/H-x86_64-pc-linux-gnu/bin/../lib/gcc/nios2-elf/12.1.1/../../../../../H-x86_64-pc-linux-gnu/nios2-elf/lib/mno-hw-mul/libc.a(lib_a-mprec.o)
                                         0x52 (size before relaxing)
 *fill*         0x00000000000106a6        0x2 
 .rodata.p05.0  0x00000000000106a8        0xc /home/soleimanmanteghi/intelFPGA/22.1std/nios2eds/bin/gnu/H-x86_64-pc-linux-gnu/bin/../lib/gcc/nios2-elf/12.1.1/../../../../../H-x86_64-pc-linux-gnu/nios2-elf/lib/mno-hw-mul/libc.a(lib_a-mprec.o)
 .rodata.__mprec_tinytens
                0x00000000000106b4       0x28 /home/soleimanmanteghi/intelFPGA/22.1std/nios2eds/bin/gnu/H-x86_64-pc-linux-gnu/bin/../lib/gcc/nios2-elf/12.1.1/../../../../../H-x86_64-pc-linux-gnu/nios2-elf/lib/mno-hw-mul/libc.a(lib_a-mprec.o)
                0x00000000000106b4                __mprec_tinytens
 .rodata.__mprec_bigtens
                0x00000000000106dc       0x28 /home/soleimanmanteghi/intelFPGA/22.1std/nios2eds/bin/gnu/H-x86_64-pc-linux-gnu/bin/../lib/gcc/nios2-elf/12.1.1/../../../../../H-x86_64-pc-linux-gnu/nios2-elf/lib/mno-hw-mul/libc.a(lib_a-mprec.o)
                0x00000000000106dc                __mprec_bigtens
 .rodata.__mprec_tens
                0x0000000000010704       0xc8 /home/soleimanmanteghi/intelFPGA/22.1std/nios2eds/bin/gnu/H-x86_64-pc-linux-gnu/bin/../lib/gcc/nios2-elf/12.1.1/../../../../../H-x86_64-pc-linux-gnu/nios2-elf/lib/mno-hw-mul/libc.a(lib_a-mprec.o)
                0x0000000000010704                __mprec_tens
 .rodata.___vfiprintf_internal_r.str1.4
                0x00000000000107cc       0x2f /home/soleimanmanteghi/intelFPGA/22.1std/nios2eds/bin/gnu/H-x86_64-pc-linux-gnu/bin/../lib/gcc/nios2-elf/12.1.1/../../../../../H-x86_64-pc-linux-gnu/nios2-elf/lib/mno-hw-mul/libc.a(lib_a-vfiprintf.o)
 .rodata.zeroes.0
                0x00000000000107cc       0x10 /home/soleimanmanteghi/intelFPGA/22.1std/nios2eds/bin/gnu/H-x86_64-pc-linux-gnu/bin/../lib/gcc/nios2-elf/12.1.1/../../../../../H-x86_64-pc-linux-gnu/nios2-elf/lib/mno-hw-mul/libc.a(lib_a-vfiprintf.o)
 .rodata.blanks.1
                0x00000000000107dc       0x10 /home/soleimanmanteghi/intelFPGA/22.1std/nios2eds/bin/gnu/H-x86_64-pc-linux-gnu/bin/../lib/gcc/nios2-elf/12.1.1/../../../../../H-x86_64-pc-linux-gnu/nios2-elf/lib/mno-hw-mul/libc.a(lib_a-vfiprintf.o)
 .rodata.__assert_func.str1.4
                0x00000000000107ec       0x3f /home/soleimanmanteghi/intelFPGA/22.1std/nios2eds/bin/gnu/H-x86_64-pc-linux-gnu/bin/../lib/gcc/nios2-elf/12.1.1/../../../../../H-x86_64-pc-linux-gnu/nios2-elf/lib/mno-hw-mul/libc.a(lib_a-assert.o)
                                         0x43 (size before relaxing)
 *fill*         0x000000000001082b        0x1 
 .rodata._setlocale_r.str1.4
                0x000000000001082c        0xa /home/soleimanmanteghi/intelFPGA/22.1std/nios2eds/bin/gnu/H-x86_64-pc-linux-gnu/bin/../lib/gcc/nios2-elf/12.1.1/../../../../../H-x86_64-pc-linux-gnu/nios2-elf/lib/mno-hw-mul/libc.a(lib_a-locale.o)
 *fill*         0x0000000000010836        0x2 
 .rodata.str1.4
                0x0000000000010838        0x2 /home/soleimanmanteghi/intelFPGA/22.1std/nios2eds/bin/gnu/H-x86_64-pc-linux-gnu/bin/../lib/gcc/nios2-elf/12.1.1/../../../../../H-x86_64-pc-linux-gnu/nios2-elf/lib/mno-hw-mul/libc.a(lib_a-locale.o)
                                          0x5 (size before relaxing)
 *fill*         0x000000000001083a        0x2 
 .rodata._ctype_
                0x000000000001083c      0x101 /home/soleimanmanteghi/intelFPGA/22.1std/nios2eds/bin/gnu/H-x86_64-pc-linux-gnu/bin/../lib/gcc/nios2-elf/12.1.1/../../../../../H-x86_64-pc-linux-gnu/nios2-elf/lib/mno-hw-mul/libc.a(lib_a-ctype_.o)
                0x000000000001083c                _ctype_
 *fill*         0x000000000001093d        0x3 
 .rodata._ctype_b
                0x0000000000010940      0x180 /home/soleimanmanteghi/intelFPGA/22.1std/nios2eds/bin/gnu/H-x86_64-pc-linux-gnu/bin/../lib/gcc/nios2-elf/12.1.1/../../../../../H-x86_64-pc-linux-gnu/nios2-elf/lib/mno-hw-mul/libc.a(lib_a-ctype_.o)
                0x0000000000010940                _ctype_b
 .rodata        0x0000000000010ac0      0x100 /home/soleimanmanteghi/intelFPGA/22.1std/nios2eds/bin/gnu/H-x86_64-pc-linux-gnu/bin/../lib/gcc/nios2-elf/12.1.1/mno-hw-mul/libgcc.a(_clz.o)
                0x0000000000010ac0                __clz_tab
 .rodata        0x0000000000010bc0        0xa ../Nios2_Actor_bsp//libhal_bsp.a(alt_dev.o)
 *fill*         0x0000000000010bca        0x2 
 .rodata        0x0000000000010bcc       0x11 ../Nios2_Actor_bsp//libhal_bsp.a(alt_main.o)
 *fill*         0x0000000000010bdd        0x3 
 .rodata        0x0000000000010be0       0x11 ../Nios2_Actor_bsp//libhal_bsp.a(alt_sys_init.o)
 *(.rodata1)
                0x0000000000010bf4                . = ALIGN (0x4)
 *fill*         0x0000000000010bf1        0x3 
                0x0000000000010bf4                PROVIDE (__ram_rodata_end = ABSOLUTE (.))
                0x0000000000010578                PROVIDE (__flash_rodata_start = LOADADDR (.rodata))

.rwdata         0x0000000000010bf4     0x1bd8 load address 0x00000000000127cc
                0x0000000000010bf4                PROVIDE (__ram_rwdata_start = ABSOLUTE (.))
                0x0000000000010bf4                . = ALIGN (0x4)
 *(.got.plt)
 *(.got)
 *(.data1)
 *(.data .data.* .gnu.linkonce.d.*)
 .data          0x0000000000010bf4        0x0 ../Nios2_Actor_bsp//obj/HAL/src/crt0.o
 .data          0x0000000000010bf4        0x0 obj/default/hello_world.o
 .data          0x0000000000010bf4        0x0 /home/soleimanmanteghi/intelFPGA/22.1std/nios2eds/bin/gnu/H-x86_64-pc-linux-gnu/bin/../lib/gcc/nios2-elf/12.1.1/../../../../../H-x86_64-pc-linux-gnu/nios2-elf/lib/mno-hw-mul/libc.a(lib_a-printf.o)
 .data          0x0000000000010bf4        0x0 /home/soleimanmanteghi/intelFPGA/22.1std/nios2eds/bin/gnu/H-x86_64-pc-linux-gnu/bin/../lib/gcc/nios2-elf/12.1.1/../../../../../H-x86_64-pc-linux-gnu/nios2-elf/lib/mno-hw-mul/libc.a(lib_a-puts.o)
 .data          0x0000000000010bf4        0x0 /home/soleimanmanteghi/intelFPGA/22.1std/nios2eds/bin/gnu/H-x86_64-pc-linux-gnu/bin/../lib/gcc/nios2-elf/12.1.1/../../../../../H-x86_64-pc-linux-gnu/nios2-elf/lib/mno-hw-mul/libc.a(lib_a-strlen.o)
 .data          0x0000000000010bf4        0x0 /home/soleimanmanteghi/intelFPGA/22.1std/nios2eds/bin/gnu/H-x86_64-pc-linux-gnu/bin/../lib/gcc/nios2-elf/12.1.1/../../../../../H-x86_64-pc-linux-gnu/nios2-elf/lib/mno-hw-mul/libc.a(lib_a-vfprintf.o)
 .data          0x0000000000010bf4        0x0 /home/soleimanmanteghi/intelFPGA/22.1std/nios2eds/bin/gnu/H-x86_64-pc-linux-gnu/bin/../lib/gcc/nios2-elf/12.1.1/../../../../../H-x86_64-pc-linux-gnu/nios2-elf/lib/mno-hw-mul/libc.a(lib_a-wsetup.o)
 .data          0x0000000000010bf4        0x0 /home/soleimanmanteghi/intelFPGA/22.1std/nios2eds/bin/gnu/H-x86_64-pc-linux-gnu/bin/../lib/gcc/nios2-elf/12.1.1/../../../../../H-x86_64-pc-linux-gnu/nios2-elf/lib/mno-hw-mul/libc.a(lib_a-dtoa.o)
 .data          0x0000000000010bf4        0x0 /home/soleimanmanteghi/intelFPGA/22.1std/nios2eds/bin/gnu/H-x86_64-pc-linux-gnu/bin/../lib/gcc/nios2-elf/12.1.1/../../../../../H-x86_64-pc-linux-gnu/nios2-elf/lib/mno-hw-mul/libc.a(lib_a-fflush.o)
 .data          0x0000000000010bf4        0x0 /home/soleimanmanteghi/intelFPGA/22.1std/nios2eds/bin/gnu/H-x86_64-pc-linux-gnu/bin/../lib/gcc/nios2-elf/12.1.1/../../../../../H-x86_64-pc-linux-gnu/nios2-elf/lib/mno-hw-mul/libc.a(lib_a-findfp.o)
 .data          0x0000000000010bf4        0x0 /home/soleimanmanteghi/intelFPGA/22.1std/nios2eds/bin/gnu/H-x86_64-pc-linux-gnu/bin/../lib/gcc/nios2-elf/12.1.1/../../../../../H-x86_64-pc-linux-gnu/nios2-elf/lib/mno-hw-mul/libc.a(lib_a-freer.o)
 .data          0x0000000000010bf4        0x0 /home/soleimanmanteghi/intelFPGA/22.1std/nios2eds/bin/gnu/H-x86_64-pc-linux-gnu/bin/../lib/gcc/nios2-elf/12.1.1/../../../../../H-x86_64-pc-linux-gnu/nios2-elf/lib/mno-hw-mul/libc.a(lib_a-fvwrite.o)
 .data          0x0000000000010bf4        0x0 /home/soleimanmanteghi/intelFPGA/22.1std/nios2eds/bin/gnu/H-x86_64-pc-linux-gnu/bin/../lib/gcc/nios2-elf/12.1.1/../../../../../H-x86_64-pc-linux-gnu/nios2-elf/lib/mno-hw-mul/libc.a(lib_a-fwalk.o)
 .data          0x0000000000010bf4        0x0 /home/soleimanmanteghi/intelFPGA/22.1std/nios2eds/bin/gnu/H-x86_64-pc-linux-gnu/bin/../lib/gcc/nios2-elf/12.1.1/../../../../../H-x86_64-pc-linux-gnu/nios2-elf/lib/mno-hw-mul/libc.a(lib_a-impure.o)
 .data.impure_data
                0x0000000000010bf4      0x424 /home/soleimanmanteghi/intelFPGA/22.1std/nios2eds/bin/gnu/H-x86_64-pc-linux-gnu/bin/../lib/gcc/nios2-elf/12.1.1/../../../../../H-x86_64-pc-linux-gnu/nios2-elf/lib/mno-hw-mul/libc.a(lib_a-impure.o)
 .data          0x0000000000011018        0x0 /home/soleimanmanteghi/intelFPGA/22.1std/nios2eds/bin/gnu/H-x86_64-pc-linux-gnu/bin/../lib/gcc/nios2-elf/12.1.1/../../../../../H-x86_64-pc-linux-gnu/nios2-elf/lib/mno-hw-mul/libc.a(lib_a-localeconv.o)
 .data          0x0000000000011018        0x0 /home/soleimanmanteghi/intelFPGA/22.1std/nios2eds/bin/gnu/H-x86_64-pc-linux-gnu/bin/../lib/gcc/nios2-elf/12.1.1/../../../../../H-x86_64-pc-linux-gnu/nios2-elf/lib/mno-hw-mul/libc.a(lib_a-makebuf.o)
 .data          0x0000000000011018        0x0 /home/soleimanmanteghi/intelFPGA/22.1std/nios2eds/bin/gnu/H-x86_64-pc-linux-gnu/bin/../lib/gcc/nios2-elf/12.1.1/../../../../../H-x86_64-pc-linux-gnu/nios2-elf/lib/mno-hw-mul/libc.a(lib_a-mallocr.o)
 .data.__malloc_av_
                0x0000000000011018      0x408 /home/soleimanmanteghi/intelFPGA/22.1std/nios2eds/bin/gnu/H-x86_64-pc-linux-gnu/bin/../lib/gcc/nios2-elf/12.1.1/../../../../../H-x86_64-pc-linux-gnu/nios2-elf/lib/mno-hw-mul/libc.a(lib_a-mallocr.o)
                0x0000000000011018                __malloc_av_
 .data          0x0000000000011420        0x0 /home/soleimanmanteghi/intelFPGA/22.1std/nios2eds/bin/gnu/H-x86_64-pc-linux-gnu/bin/../lib/gcc/nios2-elf/12.1.1/../../../../../H-x86_64-pc-linux-gnu/nios2-elf/lib/mno-hw-mul/libc.a(lib_a-memchr.o)
 .data          0x0000000000011420        0x0 /home/soleimanmanteghi/intelFPGA/22.1std/nios2eds/bin/gnu/H-x86_64-pc-linux-gnu/bin/../lib/gcc/nios2-elf/12.1.1/../../../../../H-x86_64-pc-linux-gnu/nios2-elf/lib/mno-hw-mul/libc.a(lib_a-memcpy.o)
 .data          0x0000000000011420        0x0 /home/soleimanmanteghi/intelFPGA/22.1std/nios2eds/bin/gnu/H-x86_64-pc-linux-gnu/bin/../lib/gcc/nios2-elf/12.1.1/../../../../../H-x86_64-pc-linux-gnu/nios2-elf/lib/mno-hw-mul/libc.a(lib_a-memmove.o)
 .data          0x0000000000011420        0x0 /home/soleimanmanteghi/intelFPGA/22.1std/nios2eds/bin/gnu/H-x86_64-pc-linux-gnu/bin/../lib/gcc/nios2-elf/12.1.1/../../../../../H-x86_64-pc-linux-gnu/nios2-elf/lib/mno-hw-mul/libc.a(lib_a-memset.o)
 .data          0x0000000000011420        0x0 /home/soleimanmanteghi/intelFPGA/22.1std/nios2eds/bin/gnu/H-x86_64-pc-linux-gnu/bin/../lib/gcc/nios2-elf/12.1.1/../../../../../H-x86_64-pc-linux-gnu/nios2-elf/lib/mno-hw-mul/libc.a(lib_a-mprec.o)
 .data          0x0000000000011420        0x0 /home/soleimanmanteghi/intelFPGA/22.1std/nios2eds/bin/gnu/H-x86_64-pc-linux-gnu/bin/../lib/gcc/nios2-elf/12.1.1/../../../../../H-x86_64-pc-linux-gnu/nios2-elf/lib/mno-hw-mul/libc.a(lib_a-reallocr.o)
 .data          0x0000000000011420        0x0 /home/soleimanmanteghi/intelFPGA/22.1std/nios2eds/bin/gnu/H-x86_64-pc-linux-gnu/bin/../lib/gcc/nios2-elf/12.1.1/../../../../../H-x86_64-pc-linux-gnu/nios2-elf/lib/mno-hw-mul/libc.a(lib_a-sbrkr.o)
 .data          0x0000000000011420        0x0 /home/soleimanmanteghi/intelFPGA/22.1std/nios2eds/bin/gnu/H-x86_64-pc-linux-gnu/bin/../lib/gcc/nios2-elf/12.1.1/../../../../../H-x86_64-pc-linux-gnu/nios2-elf/lib/mno-hw-mul/libc.a(lib_a-stdio.o)
 .data          0x0000000000011420        0x0 /home/soleimanmanteghi/intelFPGA/22.1std/nios2eds/bin/gnu/H-x86_64-pc-linux-gnu/bin/../lib/gcc/nios2-elf/12.1.1/../../../../../H-x86_64-pc-linux-gnu/nios2-elf/lib/mno-hw-mul/libc.a(lib_a-vfiprintf.o)
 .data          0x0000000000011420        0x0 /home/soleimanmanteghi/intelFPGA/22.1std/nios2eds/bin/gnu/H-x86_64-pc-linux-gnu/bin/../lib/gcc/nios2-elf/12.1.1/../../../../../H-x86_64-pc-linux-gnu/nios2-elf/lib/mno-hw-mul/libc.a(lib_a-writer.o)
 .data          0x0000000000011420        0x0 /home/soleimanmanteghi/intelFPGA/22.1std/nios2eds/bin/gnu/H-x86_64-pc-linux-gnu/bin/../lib/gcc/nios2-elf/12.1.1/../../../../../H-x86_64-pc-linux-gnu/nios2-elf/lib/mno-hw-mul/libc.a(closer.o)
 .data          0x0000000000011420        0x0 /home/soleimanmanteghi/intelFPGA/22.1std/nios2eds/bin/gnu/H-x86_64-pc-linux-gnu/bin/../lib/gcc/nios2-elf/12.1.1/../../../../../H-x86_64-pc-linux-gnu/nios2-elf/lib/mno-hw-mul/libc.a(lib_a-assert.o)
 .data          0x0000000000011420        0x0 /home/soleimanmanteghi/intelFPGA/22.1std/nios2eds/bin/gnu/H-x86_64-pc-linux-gnu/bin/../lib/gcc/nios2-elf/12.1.1/../../../../../H-x86_64-pc-linux-gnu/nios2-elf/lib/mno-hw-mul/libc.a(lib_a-callocr.o)
 .data          0x0000000000011420        0x0 /home/soleimanmanteghi/intelFPGA/22.1std/nios2eds/bin/gnu/H-x86_64-pc-linux-gnu/bin/../lib/gcc/nios2-elf/12.1.1/../../../../../H-x86_64-pc-linux-gnu/nios2-elf/lib/mno-hw-mul/libc.a(lib_a-errno.o)
 .data          0x0000000000011420        0x0 /home/soleimanmanteghi/intelFPGA/22.1std/nios2eds/bin/gnu/H-x86_64-pc-linux-gnu/bin/../lib/gcc/nios2-elf/12.1.1/../../../../../H-x86_64-pc-linux-gnu/nios2-elf/lib/mno-hw-mul/libc.a(lib_a-fclose.o)
 .data          0x0000000000011420        0x0 /home/soleimanmanteghi/intelFPGA/22.1std/nios2eds/bin/gnu/H-x86_64-pc-linux-gnu/bin/../lib/gcc/nios2-elf/12.1.1/../../../../../H-x86_64-pc-linux-gnu/nios2-elf/lib/mno-hw-mul/libc.a(lib_a-fiprintf.o)
 .data          0x0000000000011420        0x0 /home/soleimanmanteghi/intelFPGA/22.1std/nios2eds/bin/gnu/H-x86_64-pc-linux-gnu/bin/../lib/gcc/nios2-elf/12.1.1/../../../../../H-x86_64-pc-linux-gnu/nios2-elf/lib/mno-hw-mul/libc.a(lib_a-fputwc.o)
 .data          0x0000000000011420        0x0 /home/soleimanmanteghi/intelFPGA/22.1std/nios2eds/bin/gnu/H-x86_64-pc-linux-gnu/bin/../lib/gcc/nios2-elf/12.1.1/../../../../../H-x86_64-pc-linux-gnu/nios2-elf/lib/mno-hw-mul/libc.a(lib_a-fstatr.o)
 .data          0x0000000000011420        0x0 /home/soleimanmanteghi/intelFPGA/22.1std/nios2eds/bin/gnu/H-x86_64-pc-linux-gnu/bin/../lib/gcc/nios2-elf/12.1.1/../../../../../H-x86_64-pc-linux-gnu/nios2-elf/lib/mno-hw-mul/libc.a(lib_a-int_errno.o)
 .data          0x0000000000011420        0x0 /home/soleimanmanteghi/intelFPGA/22.1std/nios2eds/bin/gnu/H-x86_64-pc-linux-gnu/bin/../lib/gcc/nios2-elf/12.1.1/../../../../../H-x86_64-pc-linux-gnu/nios2-elf/lib/mno-hw-mul/libc.a(lib_a-isattyr.o)
 .data          0x0000000000011420        0x0 /home/soleimanmanteghi/intelFPGA/22.1std/nios2eds/bin/gnu/H-x86_64-pc-linux-gnu/bin/../lib/gcc/nios2-elf/12.1.1/../../../../../H-x86_64-pc-linux-gnu/nios2-elf/lib/mno-hw-mul/libc.a(lib_a-locale.o)
 .data.__global_locale
                0x0000000000011420      0x16c /home/soleimanmanteghi/intelFPGA/22.1std/nios2eds/bin/gnu/H-x86_64-pc-linux-gnu/bin/../lib/gcc/nios2-elf/12.1.1/../../../../../H-x86_64-pc-linux-gnu/nios2-elf/lib/mno-hw-mul/libc.a(lib_a-locale.o)
                0x0000000000011420                __global_locale
 .data          0x000000000001158c        0x0 /home/soleimanmanteghi/intelFPGA/22.1std/nios2eds/bin/gnu/H-x86_64-pc-linux-gnu/bin/../lib/gcc/nios2-elf/12.1.1/../../../../../H-x86_64-pc-linux-gnu/nios2-elf/lib/mno-hw-mul/libc.a(lib_a-lseekr.o)
 .data          0x000000000001158c        0x0 /home/soleimanmanteghi/intelFPGA/22.1std/nios2eds/bin/gnu/H-x86_64-pc-linux-gnu/bin/../lib/gcc/nios2-elf/12.1.1/../../../../../H-x86_64-pc-linux-gnu/nios2-elf/lib/mno-hw-mul/libc.a(lib_a-mbtowc_r.o)
 .data          0x000000000001158c        0x0 /home/soleimanmanteghi/intelFPGA/22.1std/nios2eds/bin/gnu/H-x86_64-pc-linux-gnu/bin/../lib/gcc/nios2-elf/12.1.1/../../../../../H-x86_64-pc-linux-gnu/nios2-elf/lib/mno-hw-mul/libc.a(lib_a-readr.o)
 .data          0x000000000001158c        0x0 /home/soleimanmanteghi/intelFPGA/22.1std/nios2eds/bin/gnu/H-x86_64-pc-linux-gnu/bin/../lib/gcc/nios2-elf/12.1.1/../../../../../H-x86_64-pc-linux-gnu/nios2-elf/lib/mno-hw-mul/libc.a(lib_a-strcmp.o)
 .data          0x000000000001158c        0x0 /home/soleimanmanteghi/intelFPGA/22.1std/nios2eds/bin/gnu/H-x86_64-pc-linux-gnu/bin/../lib/gcc/nios2-elf/12.1.1/../../../../../H-x86_64-pc-linux-gnu/nios2-elf/lib/mno-hw-mul/libc.a(lib_a-vfiprintfr_1.o)
 .data          0x000000000001158c        0x0 /home/soleimanmanteghi/intelFPGA/22.1std/nios2eds/bin/gnu/H-x86_64-pc-linux-gnu/bin/../lib/gcc/nios2-elf/12.1.1/../../../../../H-x86_64-pc-linux-gnu/nios2-elf/lib/mno-hw-mul/libc.a(lib_a-wbuf.o)
 .data          0x000000000001158c        0x0 /home/soleimanmanteghi/intelFPGA/22.1std/nios2eds/bin/gnu/H-x86_64-pc-linux-gnu/bin/../lib/gcc/nios2-elf/12.1.1/../../../../../H-x86_64-pc-linux-gnu/nios2-elf/lib/mno-hw-mul/libc.a(lib_a-wcrtomb.o)
 .data          0x000000000001158c        0x0 /home/soleimanmanteghi/intelFPGA/22.1std/nios2eds/bin/gnu/H-x86_64-pc-linux-gnu/bin/../lib/gcc/nios2-elf/12.1.1/../../../../../H-x86_64-pc-linux-gnu/nios2-elf/lib/mno-hw-mul/libc.a(lib_a-wctomb_r.o)
 .data          0x000000000001158c        0x0 /home/soleimanmanteghi/intelFPGA/22.1std/nios2eds/bin/gnu/H-x86_64-pc-linux-gnu/bin/../lib/gcc/nios2-elf/12.1.1/../../../../../H-x86_64-pc-linux-gnu/nios2-elf/lib/mno-hw-mul/libc.a(lib_a-abort.o)
 .data          0x000000000001158c        0x0 /home/soleimanmanteghi/intelFPGA/22.1std/nios2eds/bin/gnu/H-x86_64-pc-linux-gnu/bin/../lib/gcc/nios2-elf/12.1.1/../../../../../H-x86_64-pc-linux-gnu/nios2-elf/lib/mno-hw-mul/libc.a(lib_a-ctype_.o)
 .data          0x000000000001158c        0x0 /home/soleimanmanteghi/intelFPGA/22.1std/nios2eds/bin/gnu/H-x86_64-pc-linux-gnu/bin/../lib/gcc/nios2-elf/12.1.1/../../../../../H-x86_64-pc-linux-gnu/nios2-elf/lib/mno-hw-mul/libc.a(lib_a-signal.o)
 .data          0x000000000001158c        0x0 /home/soleimanmanteghi/intelFPGA/22.1std/nios2eds/bin/gnu/H-x86_64-pc-linux-gnu/bin/../lib/gcc/nios2-elf/12.1.1/../../../../../H-x86_64-pc-linux-gnu/nios2-elf/lib/mno-hw-mul/libc.a(lib_a-signalr.o)
 .data          0x000000000001158c        0x0 /home/soleimanmanteghi/intelFPGA/22.1std/nios2eds/bin/gnu/H-x86_64-pc-linux-gnu/bin/../lib/gcc/nios2-elf/12.1.1/mno-hw-mul/libgcc.a(_udivdi3.o)
 .data          0x000000000001158c        0x0 /home/soleimanmanteghi/intelFPGA/22.1std/nios2eds/bin/gnu/H-x86_64-pc-linux-gnu/bin/../lib/gcc/nios2-elf/12.1.1/mno-hw-mul/libgcc.a(_umoddi3.o)
 .data          0x000000000001158c        0x0 /home/soleimanmanteghi/intelFPGA/22.1std/nios2eds/bin/gnu/H-x86_64-pc-linux-gnu/bin/../lib/gcc/nios2-elf/12.1.1/mno-hw-mul/libgcc.a(lib2-divmod.o)
 .data          0x000000000001158c        0x0 /home/soleimanmanteghi/intelFPGA/22.1std/nios2eds/bin/gnu/H-x86_64-pc-linux-gnu/bin/../lib/gcc/nios2-elf/12.1.1/mno-hw-mul/libgcc.a(lib2-mul.o)
 .data          0x000000000001158c        0x0 /home/soleimanmanteghi/intelFPGA/22.1std/nios2eds/bin/gnu/H-x86_64-pc-linux-gnu/bin/../lib/gcc/nios2-elf/12.1.1/mno-hw-mul/libgcc.a(adddf3.o)
 .data          0x000000000001158c        0x0 /home/soleimanmanteghi/intelFPGA/22.1std/nios2eds/bin/gnu/H-x86_64-pc-linux-gnu/bin/../lib/gcc/nios2-elf/12.1.1/mno-hw-mul/libgcc.a(divdf3.o)
 .data          0x000000000001158c        0x0 /home/soleimanmanteghi/intelFPGA/22.1std/nios2eds/bin/gnu/H-x86_64-pc-linux-gnu/bin/../lib/gcc/nios2-elf/12.1.1/mno-hw-mul/libgcc.a(eqdf2.o)
 .data          0x000000000001158c        0x0 /home/soleimanmanteghi/intelFPGA/22.1std/nios2eds/bin/gnu/H-x86_64-pc-linux-gnu/bin/../lib/gcc/nios2-elf/12.1.1/mno-hw-mul/libgcc.a(gedf2.o)
 .data          0x000000000001158c        0x0 /home/soleimanmanteghi/intelFPGA/22.1std/nios2eds/bin/gnu/H-x86_64-pc-linux-gnu/bin/../lib/gcc/nios2-elf/12.1.1/mno-hw-mul/libgcc.a(ledf2.o)
 .data          0x000000000001158c        0x0 /home/soleimanmanteghi/intelFPGA/22.1std/nios2eds/bin/gnu/H-x86_64-pc-linux-gnu/bin/../lib/gcc/nios2-elf/12.1.1/mno-hw-mul/libgcc.a(muldf3.o)
 .data          0x000000000001158c        0x0 /home/soleimanmanteghi/intelFPGA/22.1std/nios2eds/bin/gnu/H-x86_64-pc-linux-gnu/bin/../lib/gcc/nios2-elf/12.1.1/mno-hw-mul/libgcc.a(subdf3.o)
 .data          0x000000000001158c        0x0 /home/soleimanmanteghi/intelFPGA/22.1std/nios2eds/bin/gnu/H-x86_64-pc-linux-gnu/bin/../lib/gcc/nios2-elf/12.1.1/mno-hw-mul/libgcc.a(unorddf2.o)
 .data          0x000000000001158c        0x0 /home/soleimanmanteghi/intelFPGA/22.1std/nios2eds/bin/gnu/H-x86_64-pc-linux-gnu/bin/../lib/gcc/nios2-elf/12.1.1/mno-hw-mul/libgcc.a(fixdfsi.o)
 .data          0x000000000001158c        0x0 /home/soleimanmanteghi/intelFPGA/22.1std/nios2eds/bin/gnu/H-x86_64-pc-linux-gnu/bin/../lib/gcc/nios2-elf/12.1.1/mno-hw-mul/libgcc.a(floatsidf.o)
 .data          0x000000000001158c        0x0 /home/soleimanmanteghi/intelFPGA/22.1std/nios2eds/bin/gnu/H-x86_64-pc-linux-gnu/bin/../lib/gcc/nios2-elf/12.1.1/mno-hw-mul/libgcc.a(floatunsidf.o)
 .data          0x000000000001158c        0x0 /home/soleimanmanteghi/intelFPGA/22.1std/nios2eds/bin/gnu/H-x86_64-pc-linux-gnu/bin/../lib/gcc/nios2-elf/12.1.1/mno-hw-mul/libgcc.a(_clz.o)